../Core/Src/main.c:89:10:dwm_read_device_id	1
../Core/Src/main.c:113:10:dwm_read_sys_status	1
../Core/Src/main.c:135:10:dwm_read_reg_32	1
../Core/Src/main.c:157:6:dwm_write_reg_32	1
../Core/Src/main.c:178:6:dwm_write_sub_reg_32	1
../Core/Src/main.c:201:10:dwm_read_sub_reg_32	1
../Core/Src/main.c:228:6:dwm_read_reg	1
../Core/Src/main.c:244:6:dwm_write_reg	1
../Core/Src/main.c:260:6:dwm_write_reg_sub	3
../Core/Src/main.c:293:6:dwm_read_reg_sub	3
../Core/Src/main.c:332:10:dwm_read_sys_config	1
../Core/Src/main.c:349:6:dwm_reset	1
../Core/Src/main.c:368:10:dwm_read_sys_state	1
../Core/Src/main.c:384:6:dwm_tx_test	1
../Core/Src/main.c:410:6:modify_default_config	1
../Core/Src/main.c:485:6:transmit	1
../Core/Src/main.c:545:5:main	3
../Core/Src/main.c:644:6:SystemClock_Config	3
../Core/Src/main.c:690:13:MX_I2C1_Init	2
../Core/Src/main.c:724:13:MX_SPI1_Init	2
../Core/Src/main.c:762:13:MX_GPIO_Init	1
../Core/Src/main.c:890:6:Error_Handler	1
