../Core/Src/main.c:89:10:dwm_read_device_id	32	static
../Core/Src/main.c:113:10:dwm_read_sys_status	32	static
../Core/Src/main.c:135:10:dwm_read_reg_32	48	static
../Core/Src/main.c:157:6:dwm_write_reg_32	24	static
../Core/Src/main.c:178:6:dwm_write_sub_reg_32	24	static
../Core/Src/main.c:201:10:dwm_read_sub_reg_32	40	static
../Core/Src/main.c:228:6:dwm_read_reg	80	dynamic
../Core/Src/main.c:244:6:dwm_write_reg	48	dynamic
../Core/Src/main.c:260:6:dwm_write_reg_sub	32	static
../Core/Src/main.c:293:6:dwm_read_reg_sub	32	static
../Core/Src/main.c:332:10:dwm_read_sys_config	32	static
../Core/Src/main.c:349:6:dwm_reset	8	static
../Core/Src/main.c:368:10:dwm_read_sys_state	16	static
../Core/Src/main.c:384:6:dwm_tx_test	24	static
../Core/Src/main.c:410:6:modify_default_config	56	static
../Core/Src/main.c:485:6:transmit	24	static
../Core/Src/main.c:545:5:main	48	static
../Core/Src/main.c:644:6:SystemClock_Config	88	static
../Core/Src/main.c:690:13:MX_I2C1_Init	8	static
../Core/Src/main.c:724:13:MX_SPI1_Init	8	static
../Core/Src/main.c:762:13:MX_GPIO_Init	56	static
../Core/Src/main.c:890:6:Error_Handler	4	static,ignoring_inline_asm
