Archive member included to satisfy reference by file (symbol)

C:/ST/STM32CubeIDE_1.19.0/STM32CubeIDE/plugins/com.st.stm32cube.ide.mcu.externaltools.gnu-tools-for-stm32.13.3.rel1.win32_1.0.0.202411081344/tools/bin/../lib/gcc/arm-none-eabi/13.3.1/../../../../arm-none-eabi/lib/thumb/v7e-m+fp/hard\libc_nano.a(libc_a-exit.o)
                              C:/ST/STM32CubeIDE_1.19.0/STM32CubeIDE/plugins/com.st.stm32cube.ide.mcu.externaltools.gnu-tools-for-stm32.13.3.rel1.win32_1.0.0.202411081344/tools/bin/../lib/gcc/arm-none-eabi/13.3.1/../../../../arm-none-eabi/lib/thumb/v7e-m+fp/hard/crt0.o (exit)
C:/ST/STM32CubeIDE_1.19.0/STM32CubeIDE/plugins/com.st.stm32cube.ide.mcu.externaltools.gnu-tools-for-stm32.13.3.rel1.win32_1.0.0.202411081344/tools/bin/../lib/gcc/arm-none-eabi/13.3.1/../../../../arm-none-eabi/lib/thumb/v7e-m+fp/hard\libc_nano.a(libc_a-malloc.o)
                              ./Middlewares/ST/STM32_USB_Host_Library/Class/CDC/Src/usbh_cdc.o (malloc)
C:/ST/STM32CubeIDE_1.19.0/STM32CubeIDE/plugins/com.st.stm32cube.ide.mcu.externaltools.gnu-tools-for-stm32.13.3.rel1.win32_1.0.0.202411081344/tools/bin/../lib/gcc/arm-none-eabi/13.3.1/../../../../arm-none-eabi/lib/thumb/v7e-m+fp/hard\libc_nano.a(libc_a-mallocr.o)
                              C:/ST/STM32CubeIDE_1.19.0/STM32CubeIDE/plugins/com.st.stm32cube.ide.mcu.externaltools.gnu-tools-for-stm32.13.3.rel1.win32_1.0.0.202411081344/tools/bin/../lib/gcc/arm-none-eabi/13.3.1/../../../../arm-none-eabi/lib/thumb/v7e-m+fp/hard\libc_nano.a(libc_a-malloc.o) (_malloc_r)
C:/ST/STM32CubeIDE_1.19.0/STM32CubeIDE/plugins/com.st.stm32cube.ide.mcu.externaltools.gnu-tools-for-stm32.13.3.rel1.win32_1.0.0.202411081344/tools/bin/../lib/gcc/arm-none-eabi/13.3.1/../../../../arm-none-eabi/lib/thumb/v7e-m+fp/hard\libc_nano.a(libc_a-mlock.o)
                              C:/ST/STM32CubeIDE_1.19.0/STM32CubeIDE/plugins/com.st.stm32cube.ide.mcu.externaltools.gnu-tools-for-stm32.13.3.rel1.win32_1.0.0.202411081344/tools/bin/../lib/gcc/arm-none-eabi/13.3.1/../../../../arm-none-eabi/lib/thumb/v7e-m+fp/hard\libc_nano.a(libc_a-mallocr.o) (__malloc_lock)
C:/ST/STM32CubeIDE_1.19.0/STM32CubeIDE/plugins/com.st.stm32cube.ide.mcu.externaltools.gnu-tools-for-stm32.13.3.rel1.win32_1.0.0.202411081344/tools/bin/../lib/gcc/arm-none-eabi/13.3.1/../../../../arm-none-eabi/lib/thumb/v7e-m+fp/hard\libc_nano.a(libc_a-findfp.o)
                              C:/ST/STM32CubeIDE_1.19.0/STM32CubeIDE/plugins/com.st.stm32cube.ide.mcu.externaltools.gnu-tools-for-stm32.13.3.rel1.win32_1.0.0.202411081344/tools/bin/../lib/gcc/arm-none-eabi/13.3.1/../../../../arm-none-eabi/lib/thumb/v7e-m+fp/hard\libc_nano.a(libc_a-exit.o) (__stdio_exit_handler)
C:/ST/STM32CubeIDE_1.19.0/STM32CubeIDE/plugins/com.st.stm32cube.ide.mcu.externaltools.gnu-tools-for-stm32.13.3.rel1.win32_1.0.0.202411081344/tools/bin/../lib/gcc/arm-none-eabi/13.3.1/../../../../arm-none-eabi/lib/thumb/v7e-m+fp/hard\libc_nano.a(libc_a-fwalk.o)
                              C:/ST/STM32CubeIDE_1.19.0/STM32CubeIDE/plugins/com.st.stm32cube.ide.mcu.externaltools.gnu-tools-for-stm32.13.3.rel1.win32_1.0.0.202411081344/tools/bin/../lib/gcc/arm-none-eabi/13.3.1/../../../../arm-none-eabi/lib/thumb/v7e-m+fp/hard\libc_nano.a(libc_a-findfp.o) (_fwalk_sglue)
C:/ST/STM32CubeIDE_1.19.0/STM32CubeIDE/plugins/com.st.stm32cube.ide.mcu.externaltools.gnu-tools-for-stm32.13.3.rel1.win32_1.0.0.202411081344/tools/bin/../lib/gcc/arm-none-eabi/13.3.1/../../../../arm-none-eabi/lib/thumb/v7e-m+fp/hard\libc_nano.a(libc_a-stdio.o)
                              C:/ST/STM32CubeIDE_1.19.0/STM32CubeIDE/plugins/com.st.stm32cube.ide.mcu.externaltools.gnu-tools-for-stm32.13.3.rel1.win32_1.0.0.202411081344/tools/bin/../lib/gcc/arm-none-eabi/13.3.1/../../../../arm-none-eabi/lib/thumb/v7e-m+fp/hard\libc_nano.a(libc_a-findfp.o) (__sread)
C:/ST/STM32CubeIDE_1.19.0/STM32CubeIDE/plugins/com.st.stm32cube.ide.mcu.externaltools.gnu-tools-for-stm32.13.3.rel1.win32_1.0.0.202411081344/tools/bin/../lib/gcc/arm-none-eabi/13.3.1/../../../../arm-none-eabi/lib/thumb/v7e-m+fp/hard\libc_nano.a(libc_a-memset.o)
                              C:/ST/STM32CubeIDE_1.19.0/STM32CubeIDE/plugins/com.st.stm32cube.ide.mcu.externaltools.gnu-tools-for-stm32.13.3.rel1.win32_1.0.0.202411081344/tools/bin/../lib/gcc/arm-none-eabi/13.3.1/../../../../arm-none-eabi/lib/thumb/v7e-m+fp/hard/crt0.o (memset)
C:/ST/STM32CubeIDE_1.19.0/STM32CubeIDE/plugins/com.st.stm32cube.ide.mcu.externaltools.gnu-tools-for-stm32.13.3.rel1.win32_1.0.0.202411081344/tools/bin/../lib/gcc/arm-none-eabi/13.3.1/../../../../arm-none-eabi/lib/thumb/v7e-m+fp/hard\libc_nano.a(libc_a-closer.o)
                              C:/ST/STM32CubeIDE_1.19.0/STM32CubeIDE/plugins/com.st.stm32cube.ide.mcu.externaltools.gnu-tools-for-stm32.13.3.rel1.win32_1.0.0.202411081344/tools/bin/../lib/gcc/arm-none-eabi/13.3.1/../../../../arm-none-eabi/lib/thumb/v7e-m+fp/hard\libc_nano.a(libc_a-stdio.o) (_close_r)
[...]
Memory Configuration

Name             Origin             Length             Attributes
CCMRAM           0x10000000         0x00010000         xrw
RAM              0x20000000         0x00020000         xrw
FLASH            0x08000000         0x00100000         xr
*default*        0x00000000         0xffffffff

Linker script and memory map

LOAD C:/ST/STM32CubeIDE_1.19.0/STM32CubeIDE/plugins/com.st.stm32cube.ide.mcu.externaltools.gnu-tools-for-stm32.13.3.rel1.win32_1.0.0.202411081344/tools/bin/../lib/gcc/arm-none-eabi/13.3.1/thumb/v7e-m+fp/hard/crti.o
LOAD C:/ST/STM32CubeIDE_1.19.0/STM32CubeIDE/plugins/com.st.stm32cube.ide.mcu.externaltools.gnu-tools-for-stm32.13.3.rel1.win32_1.0.0.202411081344/tools/bin/../lib/gcc/arm-none-eabi/13.3.1/thumb/v7e-m+fp/hard/crtbegin.o
LOAD C:/ST/STM32CubeIDE_1.19.0/STM32CubeIDE/plugins/com.st.stm32cube.ide.mcu.externaltools.gnu-tools-for-stm32.13.3.rel1.win32_1.0.0.202411081344/tools/bin/../lib/gcc/arm-none-eabi/13.3.1/../../../../arm-none-eabi/lib/thumb/v7e-m+fp/hard/crt0.o
LOAD ./Core/Src/VL53L1X/VL53L1X_api.o
LOAD ./Core/Src/VL53L1X/VL53L1X_calibration.o
LOAD ./Core/Src/VL53L1X/vl53l1_platform.o
LOAD ./Core/Src/freertos.o
LOAD ./Core/Src/gpio.o
LOAD ./Core/Src/i2c.o
LOAD ./Core/Src/i2s.o
LOAD ./Core/Src/main.o
LOAD ./Core/Src/motor_hw.o
LOAD ./Core/Src/obst_det.o
LOAD ./Core/Src/spi.o
LOAD ./Core/Src/stm32f4xx_hal_msp.o
LOAD ./Core/Src/stm32f4xx_hal_timebase_tim.o
LOAD ./Core/Src/stm32f4xx_it.o
LOAD ./Core/Src/syscalls.o
LOAD ./Core/Src/sysmem.o
LOAD ./Core/Src/system_stm32f4xx.o
LOAD ./Core/Src/tim.o
LOAD ./Core/Startup/startup_stm32f407vgtx.o
LOAD ./Drivers/STM32F4xx_HAL_Driver/Src/stm32f4xx_hal.o
LOAD ./Drivers/STM32F4xx_HAL_Driver/Src/stm32f4xx_hal_cortex.o
LOAD ./Drivers/STM32F4xx_HAL_Driver/Src/stm32f4xx_hal_dma.o
LOAD ./Drivers/STM32F4xx_HAL_Driver/Src/stm32f4xx_hal_dma_ex.o
LOAD ./Drivers/STM32F4xx_HAL_Driver/Src/stm32f4xx_hal_exti.o
LOAD ./Drivers/STM32F4xx_HAL_Driver/Src/stm32f4xx_hal_flash.o
LOAD ./Drivers/STM32F4xx_HAL_Driver/Src/stm32f4xx_hal_flash_ex.o
LOAD ./Drivers/STM32F4xx_HAL_Driver/Src/stm32f4xx_hal_flash_ramfunc.o
LOAD ./Drivers/STM32F4xx_HAL_Driver/Src/stm32f4xx_hal_gpio.o
LOAD ./Drivers/STM32F4xx_HAL_Driver/Src/stm32f4xx_hal_hcd.o
LOAD ./Drivers/STM32F4xx_HAL_Driver/Src/stm32f4xx_hal_i2c.o
LOAD ./Drivers/STM32F4xx_HAL_Driver/Src/stm32f4xx_hal_i2c_ex.o
LOAD ./Drivers/STM32F4xx_HAL_Driver/Src/stm32f4xx_hal_i2s.o
LOAD ./Drivers/STM32F4xx_HAL_Driver/Src/stm32f4xx_hal_i2s_ex.o
LOAD ./Drivers/STM32F4xx_HAL_Driver/Src/stm32f4xx_hal_pwr.o
LOAD ./Drivers/STM32F4xx_HAL_Driver/Src/stm32f4xx_hal_pwr_ex.o
LOAD ./Drivers/STM32F4xx_HAL_Driver/Src/stm32f4xx_hal_rcc.o
LOAD ./Drivers/STM32F4xx_HAL_Driver/Src/stm32f4xx_hal_rcc_ex.o
LOAD ./Drivers/STM32F4xx_HAL_Driver/Src/stm32f4xx_hal_spi.o
LOAD ./Drivers/STM32F4xx_HAL_Driver/Src/stm32f4xx_hal_tim.o
LOAD ./Drivers/STM32F4xx_HAL_Driver/Src/stm32f4xx_hal_tim_ex.o
LOAD ./Drivers/STM32F4xx_HAL_Driver/Src/stm32f4xx_ll_usb.o
LOAD ./Middlewares/ST/STM32_USB_Host_Library/Class/CDC/Src/usbh_cdc.o
LOAD ./Middlewares/ST/STM32_USB_Host_Library/Core/Src/usbh_core.o
LOAD ./Middlewares/ST/STM32_USB_Host_Library/Core/Src/usbh_ctlreq.o
LOAD ./Middlewares/ST/STM32_USB_Host_Library/Core/Src/usbh_ioreq.o
LOAD ./Middlewares/ST/STM32_USB_Host_Library/Core/Src/usbh_pipes.o
LOAD ./Middlewares/Third_Party/FreeRTOS/Source/CMSIS_RTOS_V2/cmsis_os2.o
LOAD ./Middlewares/Third_Party/FreeRTOS/Source/croutine.o
LOAD ./Middlewares/Third_Party/FreeRTOS/Source/event_groups.o
LOAD ./Middlewares/Third_Party/FreeRTOS/Source/list.o
LOAD ./Middlewares/Third_Party/FreeRTOS/Source/queue.o
LOAD ./Middlewares/Third_Party/FreeRTOS/Source/stream_buffer.o
LOAD ./Middlewares/Third_Party/FreeRTOS/Source/tasks.o
LOAD ./Middlewares/Third_Party/FreeRTOS/Source/timers.o
LOAD ./Middlewares/Third_Party/FreeRTOS/Source/portable/GCC/ARM_CM4F/port.o
LOAD ./Middlewares/Third_Party/FreeRTOS/Source/portable/MemMang/heap_4.o
LOAD ./USB_HOST/App/usb_host.o
LOAD ./USB_HOST/Target/usbh_conf.o
LOAD ./USB_HOST/Target/usbh_platform.o
START GROUP
LOAD C:/ST/STM32CubeIDE_1.19.0/STM32CubeIDE/plugins/com.st.stm32cube.ide.mcu.externaltools.gnu-tools-for-stm32.13.3.rel1.win32_1.0.0.202411081344/tools/bin/../lib/gcc/arm-none-eabi/13.3.1/../../../../arm-none-eabi/lib/thumb/v7e-m+fp/hard\libc_nano.a
LOAD C:/ST/STM32CubeIDE_1.19.0/STM32CubeIDE/plugins/com.st.stm32cube.ide.mcu.externaltools.gnu-tools-for-stm32.13.3.rel1.win32_1.0.0.202411081344/tools/bin/../lib/gcc/arm-none-eabi/13.3.1/../../../../arm-none-eabi/lib/thumb/v7e-m+fp/hard\libm.a
END GROUP
START GROUP
LOAD C:/ST/STM32CubeIDE_1.19.0/STM32CubeIDE/plugins/com.st.stm32cube.ide.mcu.externaltools.gnu-tools-for-stm32.13.3.rel1.win32_1.0.0.202411081344/tools/bin/../lib/gcc/arm-none-eabi/13.3.1/thumb/v7e-m+fp/hard\libgcc.a
LOAD C:/ST/STM32CubeIDE_1.19.0/STM32CubeIDE/plugins/com.st.stm32cube.ide.mcu.externaltools.gnu-tools-for-stm32.13.3.rel1.win32_1.0.0.202411081344/tools/bin/../lib/gcc/arm-none-eabi/13.3.1/../../../../arm-none-eabi/lib/thumb/v7e-m+fp/hard\libc_nano.a
END GROUP
START GROUP
LOAD C:/ST/STM32CubeIDE_1.19.0/STM32CubeIDE/plugins/com.st.stm32cube.ide.mcu.externaltools.gnu-tools-for-stm32.13.3.rel1.win32_1.0.0.202411081344/tools/bin/../lib/gcc/arm-none-eabi/13.3.1/thumb/v7e-m+fp/hard\libgcc.a
LOAD C:/ST/STM32CubeIDE_1.19.0/STM32CubeIDE/plugins/com.st.stm32cube.ide.mcu.externaltools.gnu-tools-for-stm32.13.3.rel1.win32_1.0.0.202411081344/tools/bin/../lib/gcc/arm-none-eabi/13.3.1/../../../../arm-none-eabi/lib/thumb/v7e-m+fp/hard\libc_nano.a
LOAD C:/ST/STM32CubeIDE_1.19.0/STM32CubeIDE/plugins/com.st.stm32cube.ide.mcu.externaltools.gnu-tools-for-stm32.13.3.rel1.win32_1.0.0.202411081344/tools/bin/../lib/gcc/arm-none-eabi/13.3.1/../../../../arm-none-eabi/lib/thumb/v7e-m+fp/hard\libnosys.a
END GROUP
START GROUP
LOAD C:/ST/STM32CubeIDE_1.19.0/STM32CubeIDE/plugins/com.st.stm32cube.ide.mcu.externaltools.gnu-tools-for-stm32.13.3.rel1.win32_1.0.0.202411081344/tools/bin/../lib/gcc/arm-none-eabi/13.3.1/thumb/v7e-m+fp/hard\libgcc.a
LOAD C:/ST/STM32CubeIDE_1.19.0/STM32CubeIDE/plugins/com.st.stm32cube.ide.mcu.externaltools.gnu-tools-for-stm32.13.3.rel1.win32_1.0.0.202411081344/tools/bin/../lib/gcc/arm-none-eabi/13.3.1/../../../../arm-none-eabi/lib/thumb/v7e-m+fp/hard\libc_nano.a
LOAD C:/ST/STM32CubeIDE_1.19.0/STM32CubeIDE/plugins/com.st.stm32cube.ide.mcu.externaltools.gnu-tools-for-stm32.13.3.rel1.win32_1.0.0.202411081344/tools/bin/../lib/gcc/arm-none-eabi/13.3.1/../../../../arm-none-eabi/lib/thumb/v7e-m+fp/hard\libnosys.a
END GROUP
LOAD C:/ST/STM32CubeIDE_1.19.0/STM32CubeIDE/plugins/com.st.stm32cube.ide.mcu.externaltools.gnu-tools-for-stm32.13.3.rel1.win32_1.0.0.202411081344/tools/bin/../lib/gcc/arm-none-eabi/13.3.1/thumb/v7e-m+fp/hard/crtend.o
LOAD C:/ST/STM32CubeIDE_1.19.0/STM32CubeIDE/plugins/com.st.stm32cube.ide.mcu.externaltools.gnu-tools-for-stm32.13.3.rel1.win32_1.0.0.202411081344/tools/bin/../lib/gcc/arm-none-eabi/13.3.1/thumb/v7e-m+fp/hard/crtn.o
                0x20020000                        _estack = (ORIGIN (RAM) + LENGTH (RAM))
                0x00000200                        _Min_Heap_Size = 0x200
                0x00000400                        _Min_Stack_Size = 0x400

.isr_vector     0x08000000      0x188
                0x08000000                        . = ALIGN (0x4)
 *(.isr_vector)
 .isr_vector    0x08000000      0x188 ./Core/Startup/startup_stm32f407vgtx.o
                0x08000000                g_pfnVectors
                0x08000188                        . = ALIGN (0x4)

.text           0x08000190     0xf3b8
                0x08000190                        . = ALIGN (0x4)
 *(.text)
 .text          0x08000190       0x40 C:/ST/STM32CubeIDE_1.19.0/STM32CubeIDE/plugins/com.st.stm32cube.ide.mcu.externaltools.gnu-tools-for-stm32.13.3.rel1.win32_1.0.0.202411081344/tools/bin/../lib/gcc/arm-none-eabi/13.3.1/thumb/v7e-m+fp/hard/crtbegin.o
 .text          0x080001d0      0x378 C:/ST/STM32CubeIDE_1.19.0/STM32CubeIDE/plugins/com.st.stm32cube.ide.mcu.externaltools.gnu-tools-for-stm32.13.3.rel1.win32_1.0.0.202411081344/tools/bin/../lib/gcc/arm-none-eabi/13.3.1/thumb/v7e-m+fp/hard\libgcc.a(_arm_addsubdf3.o)
                0x080001d0                __aeabi_drsub
                0x080001d8                __aeabi_dsub
                0x080001d8                __subdf3
                0x080001dc                __aeabi_dadd
                0x080001dc                __adddf3
                0x08000454                __floatunsidf
                0x08000454                __aeabi_ui2d
                0x08000474                __floatsidf
                0x08000474                __aeabi_i2d
                0x08000498                __aeabi_f2d
                0x08000498                __extendsfdf2
                0x080004dc                __floatundidf
                0x080004dc                __aeabi_ul2d
                0x080004ec                __floatdidf
                0x080004ec                __aeabi_l2d
 .text          0x08000548      0x424 C:/ST/STM32CubeIDE_1.19.0/STM32CubeIDE/plugins/com.st.stm32cube.ide.mcu.externaltools.gnu-tools-for-stm32.13.3.rel1.win32_1.0.0.202411081344/tools/bin/../lib/gcc/arm-none-eabi/13.3.1/thumb/v7e-m+fp/hard\libgcc.a(_arm_muldivdf3.o)
                0x08000548                __aeabi_dmul
                0x08000548                __muldf3
                0x0800079c                __divdf3
                0x0800079c                __aeabi_ddiv
 .text          0x0800096c       0x40 C:/ST/STM32CubeIDE_1.19.0/STM32CubeIDE/plugins/com.st.stm32cube.ide.mcu.externaltools.gnu-tools-for-stm32.13.3.rel1.win32_1.0.0.202411081344/tools/bin/../lib/gcc/arm-none-eabi/13.3.1/thumb/v7e-m+fp/hard\libgcc.a(_arm_fixunsdfsi.o)
                0x0800096c                __aeabi_d2uiz
                0x0800096c                __fixunsdfsi
 .text          0x080009ac       0x30 C:/ST/STM32CubeIDE_1.19.0/STM32CubeIDE/plugins/com.st.stm32cube.ide.mcu.externaltools.gnu-tools-for-stm32.13.3.rel1.win32_1.0.0.202411081344/tools/bin/../lib/gcc/arm-none-eabi/13.3.1/thumb/v7e-m+fp/hard\libgcc.a(_aeabi_uldivmod.o)
                0x080009ac                __aeabi_uldivmod
 .text          0x080009dc      0x2f8 C:/ST/STM32CubeIDE_1.19.0/STM32CubeIDE/plugins/com.st.stm32cube.ide.mcu.externaltools.gnu-tools-for-stm32.13.3.rel1.win32_1.0.0.202411081344/tools/bin/../lib/gcc/arm-none-eabi/13.3.1/thumb/v7e-m+fp/hard\libgcc.a(_udivmoddi4.o)
                0x080009dc                __udivmoddi4
 .text          0x08000cd4        0x4 C:/ST/STM32CubeIDE_1.19.0/STM32CubeIDE/plugins/com.st.stm32cube.ide.mcu.externaltools.gnu-tools-for-stm32.13.3.rel1.win32_1.0.0.202411081344/tools/bin/../lib/gcc/arm-none-eabi/13.3.1/thumb/v7e-m+fp/hard\libgcc.a(_dvmd_tls.o)
                0x08000cd4                __aeabi_idiv0
                0x08000cd4                __aeabi_ldiv0
 *(.text*)
 .text.VL53L1X_SetI2CAddress
                0x08000cd8       0x3c ./Core/Src/VL53L1X/VL53L1X_api.o
                0x08000cd8                VL53L1X_SetI2CAddress
 .text.VL53L1X_SensorInit
                0x08000d14      0x104 ./Core/Src/VL53L1X/VL53L1X_api.o
                0x08000d14                VL53L1X_SensorInit
 .text.VL53L1X_ClearInterrupt
                0x08000e18       0x32 ./Core/Src/VL53L1X/VL53L1X_api.o
                0x08000e18                VL53L1X_ClearInterrupt
 .text.VL53L1X_GetInterruptPolarity
                0x08000e4a       0x56 ./Core/Src/VL53L1X/VL53L1X_api.o
                0x08000e4a                VL53L1X_GetInterruptPolarity
 .text.VL53L1X_StartRanging
                0x08000ea0       0x32 ./Core/Src/VL53L1X/VL53L1X_api.o
                0x08000ea0                VL53L1X_StartRanging
 .text.VL53L1X_StopRanging
                0x08000ed2       0x32 ./Core/Src/VL53L1X/VL53L1X_api.o
                0x08000ed2                VL53L1X_StopRanging
 .text.VL53L1X_CheckForDataReady
                0x08000f04       0x6e ./Core/Src/VL53L1X/VL53L1X_api.o
                0x08000f04                VL53L1X_CheckForDataReady
 .text.VL53L1X_SetTimingBudgetInMs
                0x08000f72      0x22a ./Core/Src/VL53L1X/VL53L1X_api.o
                0x08000f72                VL53L1X_SetTimingBudgetInMs
 .text.VL53L1X_GetTimingBudgetInMs
                0x0800119c      0x10c ./Core/Src/VL53L1X/VL53L1X_api.o
                0x0800119c                VL53L1X_GetTimingBudgetInMs
 .text.VL53L1X_SetDistanceMode
                0x080012a8      0x13a ./Core/Src/VL53L1X/VL53L1X_api.o
                0x080012a8                VL53L1X_SetDistanceMode
 .text.VL53L1X_GetDistanceMode
                0x080013e2       0x4e ./Core/Src/VL53L1X/VL53L1X_api.o
                0x080013e2                VL53L1X_GetDistanceMode
 .text.VL53L1X_SetInterMeasurementInMs
                0x08001430       0x80 ./Core/Src/VL53L1X/VL53L1X_api.o
                0x08001430                VL53L1X_SetInterMeasurementInMs
 .text.VL53L1X_BootState
                0x080014b0       0x40 ./Core/Src/VL53L1X/VL53L1X_api.o
                0x080014b0                VL53L1X_BootState
 .text.VL53L1X_GetDistance
                0x080014f0       0x3c ./Core/Src/VL53L1X/VL53L1X_api.o
                0x080014f0                VL53L1X_GetDistance
 .text.VL53L1X_GetRangeStatus
                0x0800152c       0x5c ./Core/Src/VL53L1X/VL53L1X_api.o
                0x0800152c                VL53L1X_GetRangeStatus
 .text._I2CWrite
                0x08001588       0x3c ./Core/Src/VL53L1X/vl53l1_platform.o
                0x08001588                _I2CWrite
 .text._I2CRead
                0x080015c4       0x3c ./Core/Src/VL53L1X/vl53l1_platform.o
                0x080015c4                _I2CRead
 .text.VL53L1_WrByte
                0x08001600       0x58 ./Core/Src/VL53L1X/vl53l1_platform.o
                0x08001600                VL53L1_WrByte
 .text.VL53L1_WrWord
                0x08001658       0x68 ./Core/Src/VL53L1X/vl53l1_platform.o
                0x08001658                VL53L1_WrWord
 .text.VL53L1_WrDWord
                0x080016c0       0x78 ./Core/Src/VL53L1X/vl53l1_platform.o
                0x080016c0                VL53L1_WrDWord
 .text.VL53L1_RdByte
                0x08001738       0x70 ./Core/Src/VL53L1X/vl53l1_platform.o
                0x08001738                VL53L1_RdByte
 .text.VL53L1_RdWord
                0x080017a8       0x80 ./Core/Src/VL53L1X/vl53l1_platform.o
                0x080017a8                VL53L1_RdWord
 .text.VL53L1_WaitMs
                0x08001828       0x1e ./Core/Src/VL53L1X/vl53l1_platform.o
                0x08001828                VL53L1_WaitMs
 *fill*         0x08001846        0x2 
 .text.MX_FREERTOS_Init
                0x08001848       0x5c ./Core/Src/freertos.o
                0x08001848                MX_FREERTOS_Init
 .text.Motor_Task_Init
                0x080018a4       0x64 ./Core/Src/freertos.o
                0x080018a4                Motor_Task_Init
 .text.ObstDet_Task_Init
                0x08001908       0x7c ./Core/Src/freertos.o
                0x08001908                ObstDet_Task_Init
 .text.TrackUser_Task_Init
                0x08001984       0x12 ./Core/Src/freertos.o
                0x08001984                TrackUser_Task_Init
 *fill*         0x08001996        0x2 
 .text.MX_GPIO_Init
                0x08001998      0x220 ./Core/Src/gpio.o
                0x08001998                MX_GPIO_Init
 .text.MX_I2C1_Init
                0x08001bb8       0x5c ./Core/Src/i2c.o
                0x08001bb8                MX_I2C1_Init
 .text.HAL_I2C_MspInit
                0x08001c14       0x90 ./Core/Src/i2c.o
                0x08001c14                HAL_I2C_MspInit
 .text.MX_I2S3_Init
                0x08001ca4       0x60 ./Core/Src/i2s.o
                0x08001ca4                MX_I2S3_Init
 .text.HAL_I2S_MspInit
                0x08001d04      0x100 ./Core/Src/i2s.o
                0x08001d04                HAL_I2S_MspInit
 .text.main     0x08001e04       0x30 ./Core/Src/main.o
                0x08001e04                main
 .text.SystemClock_Config
                0x08001e34       0xd4 ./Core/Src/main.o
                0x08001e34                SystemClock_Config
 .text.HAL_TIM_PeriodElapsedCallback
                0x08001f08       0x24 ./Core/Src/main.o
                0x08001f08                HAL_TIM_PeriodElapsedCallback
 .text.Error_Handler
                0x08001f2c        0xc ./Core/Src/main.o
                0x08001f2c                Error_Handler
 .text.clamp_pwm
                0x08001f38       0x26 ./Core/Src/motor_hw.o
 *fill*         0x08001f5e        0x2 
 .text.MotorHW_SetLeftSpeed
                0x08001f60       0x68 ./Core/Src/motor_hw.o
                0x08001f60                MotorHW_SetLeftSpeed
 .text.MotorHW_SetRightSpeed
                0x08001fc8       0x68 ./Core/Src/motor_hw.o
                0x08001fc8                MotorHW_SetRightSpeed
 .text.MotorHW_StopAll
                0x08002030       0x14 ./Core/Src/motor_hw.o
                0x08002030                MotorHW_StopAll
 .text.MotorHW_Init
                0x08002044       0x30 ./Core/Src/motor_hw.o
                0x08002044                MotorHW_Init
 .text.Drive_Forward
                0x08002074       0x22 ./Core/Src/motor_hw.o
                0x08002074                Drive_Forward
 .text.Drive_TurnLeft
                0x08002096       0x24 ./Core/Src/motor_hw.o
                0x08002096                Drive_TurnLeft
 .text.Drive_TurnRight
                0x080020ba       0x24 ./Core/Src/motor_hw.o
                0x080020ba                Drive_TurnRight
 .text.Drive_Stop
                0x080020de        0xc ./Core/Src/motor_hw.o
                0x080020de                Drive_Stop
 .text.ToF_ResetData
                0x080020ea       0x2c ./Core/Src/obst_det.o
                0x080020ea                ToF_ResetData
 *fill*         0x08002116        0x2 
 .text.ToF_AssignAddresses
                0x08002118       0x90 ./Core/Src/obst_det.o
                0x08002118                ToF_AssignAddresses
 .text.ToF_InitSensor
                0x080021a8       0x80 ./Core/Src/obst_det.o
                0x080021a8                ToF_InitSensor
 .text.ToF_UpdateSensors
                0x08002228       0xe4 ./Core/Src/obst_det.o
                0x08002228                ToF_UpdateSensors
 .text.ToF_GetLeftDistance
                0x0800230c       0x18 ./Core/Src/obst_det.o
                0x0800230c                ToF_GetLeftDistance
 .text.ToF_GetCenterDistance
                0x08002324       0x18 ./Core/Src/obst_det.o
                0x08002324                ToF_GetCenterDistance
 .text.ToF_GetRightDistance
                0x0800233c       0x18 ./Core/Src/obst_det.o
                0x0800233c                ToF_GetRightDistance
 *fill*         0x08002354        0x4 
 .text.Filter   0x08002358       0x70 ./Core/Src/obst_det.o
 .text.ToF_SetDodgeAction
                0x080023c8       0xec ./Core/Src/obst_det.o
                0x080023c8                ToF_SetDodgeAction
 .text.MX_SPI1_Init
                0x080024b4       0x6c ./Core/Src/spi.o
                0x080024b4                MX_SPI1_Init
 .text.HAL_SPI_MspInit
                0x08002520       0x90 ./Core/Src/spi.o
                0x08002520                HAL_SPI_MspInit
 .text.HAL_MspInit
                0x080025b0       0x58 ./Core/Src/stm32f4xx_hal_msp.o
                0x080025b0                HAL_MspInit
 .text.HAL_InitTick
                0x08002608       0xf8 ./Core/Src/stm32f4xx_hal_timebase_tim.o
                0x08002608                HAL_InitTick
 .text.NMI_Handler
                0x08002700        0x8 ./Core/Src/stm32f4xx_it.o
                0x08002700                NMI_Handler
 .text.HardFault_Handler
                0x08002708        0x8 ./Core/Src/stm32f4xx_it.o
                0x08002708                HardFault_Handler
 .text.MemManage_Handler
                0x08002710        0x8 ./Core/Src/stm32f4xx_it.o
                0x08002710                MemManage_Handler
 .text.BusFault_Handler
                0x08002718        0x8 ./Core/Src/stm32f4xx_it.o
                0x08002718                BusFault_Handler
 .text.UsageFault_Handler
                0x08002720        0x8 ./Core/Src/stm32f4xx_it.o
                0x08002720                UsageFault_Handler
 .text.DebugMon_Handler
                0x08002728        0xe ./Core/Src/stm32f4xx_it.o
                0x08002728                DebugMon_Handler
 *fill*         0x08002736        0x2 
 .text.TIM6_DAC_IRQHandler
                0x08002738       0x14 ./Core/Src/stm32f4xx_it.o
                0x08002738                TIM6_DAC_IRQHandler
 .text.OTG_FS_IRQHandler
                0x0800274c       0x14 ./Core/Src/stm32f4xx_it.o
                0x0800274c                OTG_FS_IRQHandler
 .text._sbrk    0x08002760       0x6c ./Core/Src/sysmem.o
                0x08002760                _sbrk
 .text.SystemInit
                0x080027cc       0x24 ./Core/Src/system_stm32f4xx.o
                0x080027cc                SystemInit
 .text.MX_TIM3_Init
                0x080027f0       0xf4 ./Core/Src/tim.o
                0x080027f0                MX_TIM3_Init
 .text.HAL_TIM_PWM_MspInit
                0x080028e4       0x44 ./Core/Src/tim.o
                0x080028e4                HAL_TIM_PWM_MspInit
 .text.HAL_TIM_MspPostInit
                0x08002928       0xb4 ./Core/Src/tim.o
                0x08002928                HAL_TIM_MspPostInit
 .text.Reset_Handler
                0x080029dc       0x50 ./Core/Startup/startup_stm32f407vgtx.o
                0x080029dc                Reset_Handler
 .text.Default_Handler
                0x08002a2c        0x2 ./Core/Startup/startup_stm32f407vgtx.o
                0x08002a2c                RTC_Alarm_IRQHandler
                0x08002a2c                HASH_RNG_IRQHandler
                0x08002a2c                EXTI2_IRQHandler
                0x08002a2c                TIM8_CC_IRQHandler
                0x08002a2c                TIM1_CC_IRQHandler
                0x08002a2c                DMA2_Stream5_IRQHandler
                0x08002a2c                DMA1_Stream5_IRQHandler
                0x08002a2c                PVD_IRQHandler
                0x08002a2c                SDIO_IRQHandler
                0x08002a2c                TAMP_STAMP_IRQHandler
                0x08002a2c                CAN2_RX1_IRQHandler
                0x08002a2c                EXTI3_IRQHandler
                0x08002a2c                TIM8_TRG_COM_TIM14_IRQHandler
                0x08002a2c                TIM1_UP_TIM10_IRQHandler
                0x08002a2c                TIM8_UP_TIM13_IRQHandler
                0x08002a2c                I2C3_ER_IRQHandler
                0x08002a2c                EXTI0_IRQHandler
                0x08002a2c                I2C2_EV_IRQHandler
                0x08002a2c                DMA1_Stream2_IRQHandler
                0x08002a2c                CAN1_RX0_IRQHandler
                0x08002a2c                FPU_IRQHandler
                0x08002a2c                OTG_HS_WKUP_IRQHandler
                0x08002a2c                CAN2_SCE_IRQHandler
                0x08002a2c                DMA2_Stream2_IRQHandler
                0x08002a2c                SPI1_IRQHandler
                0x08002a2c                TIM1_BRK_TIM9_IRQHandler
                0x08002a2c                DCMI_IRQHandler
                0x08002a2c                CAN2_RX0_IRQHandler
                0x08002a2c                DMA2_Stream3_IRQHandler
                0x08002a2c                USART6_IRQHandler
                0x08002a2c                USART3_IRQHandler
                0x08002a2c                CAN1_RX1_IRQHandler
                0x08002a2c                UART5_IRQHandler
                0x08002a2c                DMA2_Stream0_IRQHandler
                0x08002a2c                TIM4_IRQHandler
                0x08002a2c                I2C1_EV_IRQHandler
                0x08002a2c                DMA1_Stream6_IRQHandler
                0x08002a2c                DMA1_Stream1_IRQHandler
                0x08002a2c                UART4_IRQHandler
                0x08002a2c                TIM3_IRQHandler
                0x08002a2c                RCC_IRQHandler
                0x08002a2c                TIM8_BRK_TIM12_IRQHandler
                0x08002a2c                Default_Handler
                0x08002a2c                EXTI15_10_IRQHandler
                0x08002a2c                ADC_IRQHandler
                0x08002a2c                DMA1_Stream7_IRQHandler
                0x08002a2c                TIM7_IRQHandler
                0x08002a2c                CAN2_TX_IRQHandler
                0x08002a2c                TIM5_IRQHandler
                0x08002a2c                DMA2_Stream7_IRQHandler
                0x08002a2c                I2C3_EV_IRQHandler
                0x08002a2c                EXTI9_5_IRQHandler
                0x08002a2c                RTC_WKUP_IRQHandler
                0x08002a2c                ETH_WKUP_IRQHandler
                0x08002a2c                SPI2_IRQHandler
                0x08002a2c                OTG_HS_EP1_IN_IRQHandler
                0x08002a2c                DMA1_Stream0_IRQHandler
                0x08002a2c                CAN1_TX_IRQHandler
                0x08002a2c                EXTI4_IRQHandler
                0x08002a2c                FSMC_IRQHandler
                0x08002a2c                ETH_IRQHandler
                0x08002a2c                OTG_HS_EP1_OUT_IRQHandler
                0x08002a2c                WWDG_IRQHandler
                0x08002a2c                TIM2_IRQHandler
                0x08002a2c                OTG_FS_WKUP_IRQHandler
                0x08002a2c                TIM1_TRG_COM_TIM11_IRQHandler
                0x08002a2c                OTG_HS_IRQHandler
                0x08002a2c                EXTI1_IRQHandler
                0x08002a2c                USART2_IRQHandler
                0x08002a2c                I2C2_ER_IRQHandler
                0x08002a2c                DMA2_Stream1_IRQHandler
                0x08002a2c                CAN1_SCE_IRQHandler
                0x08002a2c                FLASH_IRQHandler
                0x08002a2c                DMA2_Stream4_IRQHandler
                0x08002a2c                USART1_IRQHandler
                0x08002a2c                SPI3_IRQHandler
                0x08002a2c                DMA1_Stream4_IRQHandler
                0x08002a2c                I2C1_ER_IRQHandler
                0x08002a2c                DMA2_Stream6_IRQHandler
                0x08002a2c                DMA1_Stream3_IRQHandler
 *fill*         0x08002a2e        0x2 
 .text.HAL_Init
                0x08002a30       0x44 ./Drivers/STM32F4xx_HAL_Driver/Src/stm32f4xx_hal.o
                0x08002a30                HAL_Init
 .text.HAL_IncTick
                0x08002a74       0x28 ./Drivers/STM32F4xx_HAL_Driver/Src/stm32f4xx_hal.o
                0x08002a74                HAL_IncTick
 .text.HAL_GetTick
                0x08002a9c       0x18 ./Drivers/STM32F4xx_HAL_Driver/Src/stm32f4xx_hal.o
                0x08002a9c                HAL_GetTick
 .text.HAL_Delay
                0x08002ab4       0x48 ./Drivers/STM32F4xx_HAL_Driver/Src/stm32f4xx_hal.o
                0x08002ab4                HAL_Delay
 .text.__NVIC_SetPriorityGrouping
                0x08002afc       0x48 ./Drivers/STM32F4xx_HAL_Driver/Src/stm32f4xx_hal_cortex.o
 .text.__NVIC_GetPriorityGrouping
                0x08002b44       0x1c ./Drivers/STM32F4xx_HAL_Driver/Src/stm32f4xx_hal_cortex.o
 .text.__NVIC_EnableIRQ
                0x08002b60       0x3c ./Drivers/STM32F4xx_HAL_Driver/Src/stm32f4xx_hal_cortex.o
 .text.__NVIC_SetPriority
                0x08002b9c       0x54 ./Drivers/STM32F4xx_HAL_Driver/Src/stm32f4xx_hal_cortex.o
 .text.NVIC_EncodePriority
                0x08002bf0       0x66 ./Drivers/STM32F4xx_HAL_Driver/Src/stm32f4xx_hal_cortex.o
 .text.HAL_NVIC_SetPriorityGrouping
                0x08002c56       0x16 ./Drivers/STM32F4xx_HAL_Driver/Src/stm32f4xx_hal_cortex.o
                0x08002c56                HAL_NVIC_SetPriorityGrouping
 .text.HAL_NVIC_SetPriority
                0x08002c6c       0x38 ./Drivers/STM32F4xx_HAL_Driver/Src/stm32f4xx_hal_cortex.o
                0x08002c6c                HAL_NVIC_SetPriority
 .text.HAL_NVIC_EnableIRQ
                0x08002ca4       0x1c ./Drivers/STM32F4xx_HAL_Driver/Src/stm32f4xx_hal_cortex.o
                0x08002ca4                HAL_NVIC_EnableIRQ
 .text.HAL_GPIO_Init
                0x08002cc0      0x338 ./Drivers/STM32F4xx_HAL_Driver/Src/stm32f4xx_hal_gpio.o
                0x08002cc0                HAL_GPIO_Init
 .text.HAL_GPIO_WritePin
                0x08002ff8       0x32 ./Drivers/STM32F4xx_HAL_Driver/Src/stm32f4xx_hal_gpio.o
                0x08002ff8                HAL_GPIO_WritePin
 .text.HAL_HCD_Init
                0x0800302a       0xce ./Drivers/STM32F4xx_HAL_Driver/Src/stm32f4xx_hal_hcd.o
                0x0800302a                HAL_HCD_Init
 .text.HAL_HCD_HC_Init
                0x080030f8      0x170 ./Drivers/STM32F4xx_HAL_Driver/Src/stm32f4xx_hal_hcd.o
                0x080030f8                HAL_HCD_HC_Init
 .text.HAL_HCD_HC_SubmitRequest
                0x08003268      0x33c ./Drivers/STM32F4xx_HAL_Driver/Src/stm32f4xx_hal_hcd.o
                0x08003268                HAL_HCD_HC_SubmitRequest
 .text.HAL_HCD_IRQHandler
                0x080035a4      0x220 ./Drivers/STM32F4xx_HAL_Driver/Src/stm32f4xx_hal_hcd.o
                0x080035a4                HAL_HCD_IRQHandler
 .text.HAL_HCD_Start
                0x080037c4       0x46 ./Drivers/STM32F4xx_HAL_Driver/Src/stm32f4xx_hal_hcd.o
                0x080037c4                HAL_HCD_Start
 .text.HAL_HCD_Stop
                0x0800380a       0x3a ./Drivers/STM32F4xx_HAL_Driver/Src/stm32f4xx_hal_hcd.o
                0x0800380a                HAL_HCD_Stop
 .text.HAL_HCD_ResetPort
                0x08003844       0x1c ./Drivers/STM32F4xx_HAL_Driver/Src/stm32f4xx_hal_hcd.o
                0x08003844                HAL_HCD_ResetPort
 .text.HAL_HCD_HC_GetURBState
                0x08003860       0x2a ./Drivers/STM32F4xx_HAL_Driver/Src/stm32f4xx_hal_hcd.o
                0x08003860                HAL_HCD_HC_GetURBState
 .text.HAL_HCD_HC_GetXferCount
                0x0800388a       0x2a ./Drivers/STM32F4xx_HAL_Driver/Src/stm32f4xx_hal_hcd.o
                0x0800388a                HAL_HCD_HC_GetXferCount
 .text.HAL_HCD_GetCurrentFrame
                0x080038b4       0x1c ./Drivers/STM32F4xx_HAL_Driver/Src/stm32f4xx_hal_hcd.o
                0x080038b4                HAL_HCD_GetCurrentFrame
 .text.HAL_HCD_GetCurrentSpeed
                0x080038d0       0x1c ./Drivers/STM32F4xx_HAL_Driver/Src/stm32f4xx_hal_hcd.o
                0x080038d0                HAL_HCD_GetCurrentSpeed
 .text.HAL_HCD_HC_ClearHubInfo
                0x080038ec       0x6a ./Drivers/STM32F4xx_HAL_Driver/Src/stm32f4xx_hal_hcd.o
                0x080038ec                HAL_HCD_HC_ClearHubInfo
 .text.HCD_HC_IN_IRQHandler
                0x08003956      0xcd2 ./Drivers/STM32F4xx_HAL_Driver/Src/stm32f4xx_hal_hcd.o
 .text.HCD_HC_OUT_IRQHandler
                0x08004628      0x97e ./Drivers/STM32F4xx_HAL_Driver/Src/stm32f4xx_hal_hcd.o
 .text.HCD_RXQLVL_IRQHandler
                0x08004fa6      0x1be ./Drivers/STM32F4xx_HAL_Driver/Src/stm32f4xx_hal_hcd.o
 .text.HCD_Port_IRQHandler
                0x08005164       0xe6 ./Drivers/STM32F4xx_HAL_Driver/Src/stm32f4xx_hal_hcd.o
 *fill*         0x0800524a        0x2 
 .text.HAL_I2C_Init
                0x0800524c      0x288 ./Drivers/STM32F4xx_HAL_Driver/Src/stm32f4xx_hal_i2c.o
                0x0800524c                HAL_I2C_Init
 .text.HAL_I2C_Master_Transmit
                0x080054d4      0x1fc ./Drivers/STM32F4xx_HAL_Driver/Src/stm32f4xx_hal_i2c.o
                0x080054d4                HAL_I2C_Master_Transmit
 .text.HAL_I2C_Master_Receive
                0x080056d0      0x464 ./Drivers/STM32F4xx_HAL_Driver/Src/stm32f4xx_hal_i2c.o
                0x080056d0                HAL_I2C_Master_Receive
 .text.I2C_MasterRequestWrite
                0x08005b34      0x104 ./Drivers/STM32F4xx_HAL_Driver/Src/stm32f4xx_hal_i2c.o
 .text.I2C_MasterRequestRead
                0x08005c38      0x19c ./Drivers/STM32F4xx_HAL_Driver/Src/stm32f4xx_hal_i2c.o
 .text.I2C_WaitOnFlagUntilTimeout
                0x08005dd4       0xf4 ./Drivers/STM32F4xx_HAL_Driver/Src/stm32f4xx_hal_i2c.o
 .text.I2C_WaitOnMasterAddressFlagUntilTimeout
                0x08005ec8      0x140 ./Drivers/STM32F4xx_HAL_Driver/Src/stm32f4xx_hal_i2c.o
 .text.I2C_WaitOnTXEFlagUntilTimeout
                0x08006008       0x90 ./Drivers/STM32F4xx_HAL_Driver/Src/stm32f4xx_hal_i2c.o
 .text.I2C_WaitOnBTFFlagUntilTimeout
                0x08006098       0x90 ./Drivers/STM32F4xx_HAL_Driver/Src/stm32f4xx_hal_i2c.o
 .text.I2C_WaitOnRXNEFlagUntilTimeout
                0x08006128       0xba ./Drivers/STM32F4xx_HAL_Driver/Src/stm32f4xx_hal_i2c.o
 .text.I2C_IsAcknowledgeFailed
                0x080061e2       0x5e ./Drivers/STM32F4xx_HAL_Driver/Src/stm32f4xx_hal_i2c.o
 .text.HAL_I2S_Init
                0x08006240      0x280 ./Drivers/STM32F4xx_HAL_Driver/Src/stm32f4xx_hal_i2s.o
                0x08006240                HAL_I2S_Init
 .text.HAL_I2S_TxCpltCallback
                0x080064c0       0x14 ./Drivers/STM32F4xx_HAL_Driver/Src/stm32f4xx_hal_i2s.o
                0x080064c0                HAL_I2S_TxCpltCallback
 .text.HAL_I2S_RxCpltCallback
                0x080064d4       0x14 ./Drivers/STM32F4xx_HAL_Driver/Src/stm32f4xx_hal_i2s.o
                0x080064d4                HAL_I2S_RxCpltCallback
 .text.HAL_I2S_ErrorCallback
                0x080064e8       0x14 ./Drivers/STM32F4xx_HAL_Driver/Src/stm32f4xx_hal_i2s.o
                0x080064e8                HAL_I2S_ErrorCallback
 .text.I2S_Transmit_IT
                0x080064fc       0x5c ./Drivers/STM32F4xx_HAL_Driver/Src/stm32f4xx_hal_i2s.o
 .text.I2S_Receive_IT
                0x08006558       0x5e ./Drivers/STM32F4xx_HAL_Driver/Src/stm32f4xx_hal_i2s.o
 .text.I2S_IRQHandler
                0x080065b6      0x114 ./Drivers/STM32F4xx_HAL_Driver/Src/stm32f4xx_hal_i2s.o
 *fill*         0x080066ca        0x2 
 .text.HAL_I2SEx_FullDuplex_IRQHandler
                0x080066cc      0x2a8 ./Drivers/STM32F4xx_HAL_Driver/Src/stm32f4xx_hal_i2s_ex.o
                0x080066cc                HAL_I2SEx_FullDuplex_IRQHandler
 .text.HAL_I2SEx_TxRxCpltCallback
                0x08006974       0x14 ./Drivers/STM32F4xx_HAL_Driver/Src/stm32f4xx_hal_i2s_ex.o
                0x08006974                HAL_I2SEx_TxRxCpltCallback
 .text.I2SEx_TxISR_I2S
                0x08006988       0x62 ./Drivers/STM32F4xx_HAL_Driver/Src/stm32f4xx_hal_i2s_ex.o
 *fill*         0x080069ea        0x2 
 .text.I2SEx_TxISR_I2SExt
                0x080069ec       0x98 ./Drivers/STM32F4xx_HAL_Driver/Src/stm32f4xx_hal_i2s_ex.o
 .text.I2SEx_RxISR_I2S
                0x08006a84       0x64 ./Drivers/STM32F4xx_HAL_Driver/Src/stm32f4xx_hal_i2s_ex.o
 .text.I2SEx_RxISR_I2SExt
                0x08006ae8       0x98 ./Drivers/STM32F4xx_HAL_Driver/Src/stm32f4xx_hal_i2s_ex.o
 .text.HAL_RCC_OscConfig
                0x08006b80      0x4f0 ./Drivers/STM32F4xx_HAL_Driver/Src/stm32f4xx_hal_rcc.o
                0x08006b80                HAL_RCC_OscConfig
 .text.HAL_RCC_ClockConfig
                0x08007070      0x1cc ./Drivers/STM32F4xx_HAL_Driver/Src/stm32f4xx_hal_rcc.o
                0x08007070                HAL_RCC_ClockConfig
 .text.HAL_RCC_GetSysClockFreq
                0x0800723c      0x20c ./Drivers/STM32F4xx_HAL_Driver/Src/stm32f4xx_hal_rcc.o
                0x0800723c                HAL_RCC_GetSysClockFreq
 .text.HAL_RCC_GetHCLKFreq
                0x08007448       0x18 ./Drivers/STM32F4xx_HAL_Driver/Src/stm32f4xx_hal_rcc.o
                0x08007448                HAL_RCC_GetHCLKFreq
 .text.HAL_RCC_GetPCLK1Freq
                0x08007460       0x28 ./Drivers/STM32F4xx_HAL_Driver/Src/stm32f4xx_hal_rcc.o
                0x08007460                HAL_RCC_GetPCLK1Freq
 .text.HAL_RCC_GetClockConfig
                0x08007488       0x64 ./Drivers/STM32F4xx_HAL_Driver/Src/stm32f4xx_hal_rcc.o
                0x08007488                HAL_RCC_GetClockConfig
 .text.HAL_RCCEx_PeriphCLKConfig
                0x080074ec      0x1c4 ./Drivers/STM32F4xx_HAL_Driver/Src/stm32f4xx_hal_rcc_ex.o
                0x080074ec                HAL_RCCEx_PeriphCLKConfig
 .text.HAL_RCCEx_GetPeriphCLKFreq
                0x080076b0       0xc0 ./Drivers/STM32F4xx_HAL_Driver/Src/stm32f4xx_hal_rcc_ex.o
                0x080076b0                HAL_RCCEx_GetPeriphCLKFreq
 .text.HAL_SPI_Init
                0x08007770      0x112 ./Drivers/STM32F4xx_HAL_Driver/Src/stm32f4xx_hal_spi.o
                0x08007770                HAL_SPI_Init
 .text.HAL_TIM_Base_Init
                0x08007882       0x9e ./Drivers/STM32F4xx_HAL_Driver/Src/stm32f4xx_hal_tim.o
                0x08007882                HAL_TIM_Base_Init
 .text.HAL_TIM_Base_MspInit
                0x08007920       0x14 ./Drivers/STM32F4xx_HAL_Driver/Src/stm32f4xx_hal_tim.o
                0x08007920                HAL_TIM_Base_MspInit
 .text.HAL_TIM_Base_Start_IT
                0x08007934       0xe0 ./Drivers/STM32F4xx_HAL_Driver/Src/stm32f4xx_hal_tim.o
                0x08007934                HAL_TIM_Base_Start_IT
 .text.HAL_TIM_PWM_Init
                0x08007a14       0x9e ./Drivers/STM32F4xx_HAL_Driver/Src/stm32f4xx_hal_tim.o
                0x08007a14                HAL_TIM_PWM_Init
 *fill*         0x08007ab2        0x2 
 .text.HAL_TIM_PWM_Start
                0x08007ab4      0x190 ./Drivers/STM32F4xx_HAL_Driver/Src/stm32f4xx_hal_tim.o
                0x08007ab4                HAL_TIM_PWM_Start
 .text.HAL_TIM_IRQHandler
                0x08007c44      0x1e0 ./Drivers/STM32F4xx_HAL_Driver/Src/stm32f4xx_hal_tim.o
                0x08007c44                HAL_TIM_IRQHandler
 .text.HAL_TIM_PWM_ConfigChannel
                0x08007e24      0x184 ./Drivers/STM32F4xx_HAL_Driver/Src/stm32f4xx_hal_tim.o
                0x08007e24                HAL_TIM_PWM_ConfigChannel
 .text.HAL_TIM_OC_DelayElapsedCallback
                0x08007fa8       0x14 ./Drivers/STM32F4xx_HAL_Driver/Src/stm32f4xx_hal_tim.o
                0x08007fa8                HAL_TIM_OC_DelayElapsedCallback
 .text.HAL_TIM_IC_CaptureCallback
                0x08007fbc       0x14 ./Drivers/STM32F4xx_HAL_Driver/Src/stm32f4xx_hal_tim.o
                0x08007fbc                HAL_TIM_IC_CaptureCallback
 .text.HAL_TIM_PWM_PulseFinishedCallback
                0x08007fd0       0x14 ./Drivers/STM32F4xx_HAL_Driver/Src/stm32f4xx_hal_tim.o
                0x08007fd0                HAL_TIM_PWM_PulseFinishedCallback
 .text.HAL_TIM_TriggerCallback
                0x08007fe4       0x14 ./Drivers/STM32F4xx_HAL_Driver/Src/stm32f4xx_hal_tim.o
                0x08007fe4                HAL_TIM_TriggerCallback
 .text.TIM_Base_SetConfig
                0x08007ff8      0x14c ./Drivers/STM32F4xx_HAL_Driver/Src/stm32f4xx_hal_tim.o
                0x08007ff8                TIM_Base_SetConfig
 .text.TIM_OC1_SetConfig
                0x08008144       0xe0 ./Drivers/STM32F4xx_HAL_Driver/Src/stm32f4xx_hal_tim.o
 .text.TIM_OC2_SetConfig
                0x08008224       0xec ./Drivers/STM32F4xx_HAL_Driver/Src/stm32f4xx_hal_tim.o
                0x08008224                TIM_OC2_SetConfig
 .text.TIM_OC3_SetConfig
                0x08008310       0xe8 ./Drivers/STM32F4xx_HAL_Driver/Src/stm32f4xx_hal_tim.o
 .text.TIM_OC4_SetConfig
                0x080083f8       0xac ./Drivers/STM32F4xx_HAL_Driver/Src/stm32f4xx_hal_tim.o
 .text.TIM_CCxChannelCmd
                0x080084a4       0x4a ./Drivers/STM32F4xx_HAL_Driver/Src/stm32f4xx_hal_tim.o
                0x080084a4                TIM_CCxChannelCmd
 *fill*         0x080084ee        0x2 
 .text.HAL_TIMEx_MasterConfigSynchronization
                0x080084f0       0xf8 ./Drivers/STM32F4xx_HAL_Driver/Src/stm32f4xx_hal_tim_ex.o
                0x080084f0                HAL_TIMEx_MasterConfigSynchronization
 .text.HAL_TIMEx_CommutCallback
                0x080085e8       0x14 ./Drivers/STM32F4xx_HAL_Driver/Src/stm32f4xx_hal_tim_ex.o
                0x080085e8                HAL_TIMEx_CommutCallback
 .text.HAL_TIMEx_BreakCallback
                0x080085fc       0x14 ./Drivers/STM32F4xx_HAL_Driver/Src/stm32f4xx_hal_tim_ex.o
                0x080085fc                HAL_TIMEx_BreakCallback
 .text.USB_CoreInit
                0x08008610       0xc8 ./Drivers/STM32F4xx_HAL_Driver/Src/stm32f4xx_ll_usb.o
                0x08008610                USB_CoreInit
 .text.USB_EnableGlobalInt
                0x080086d8       0x22 ./Drivers/STM32F4xx_HAL_Driver/Src/stm32f4xx_ll_usb.o
                0x080086d8                USB_EnableGlobalInt
 .text.USB_DisableGlobalInt
                0x080086fa       0x22 ./Drivers/STM32F4xx_HAL_Driver/Src/stm32f4xx_ll_usb.o
                0x080086fa                USB_DisableGlobalInt
 .text.USB_SetCurrentMode
                0x0800871c       0x98 ./Drivers/STM32F4xx_HAL_Driver/Src/stm32f4xx_ll_usb.o
                0x0800871c                USB_SetCurrentMode
 .text.USB_FlushTxFifo
                0x080087b4       0x64 ./Drivers/STM32F4xx_HAL_Driver/Src/stm32f4xx_ll_usb.o
                0x080087b4                USB_FlushTxFifo
 .text.USB_FlushRxFifo
                0x08008818       0x5c ./Drivers/STM32F4xx_HAL_Driver/Src/stm32f4xx_ll_usb.o
                0x08008818                USB_FlushRxFifo
 .text.USB_WritePacket
                0x08008874       0x7c ./Drivers/STM32F4xx_HAL_Driver/Src/stm32f4xx_ll_usb.o
                0x08008874                USB_WritePacket
 .text.USB_ReadPacket
                0x080088f0       0xb0 ./Drivers/STM32F4xx_HAL_Driver/Src/stm32f4xx_ll_usb.o
                0x080088f0                USB_ReadPacket
 .text.USB_ReadInterrupts
                0x080089a0       0x26 ./Drivers/STM32F4xx_HAL_Driver/Src/stm32f4xx_ll_usb.o
                0x080089a0                USB_ReadInterrupts
 .text.USB_ReadChInterrupts
                0x080089c6       0x42 ./Drivers/STM32F4xx_HAL_Driver/Src/stm32f4xx_ll_usb.o
                0x080089c6                USB_ReadChInterrupts
 .text.USB_GetMode
                0x08008a08       0x1c ./Drivers/STM32F4xx_HAL_Driver/Src/stm32f4xx_ll_usb.o
                0x08008a08                USB_GetMode
 .text.USB_CoreReset
                0x08008a24       0x70 ./Drivers/STM32F4xx_HAL_Driver/Src/stm32f4xx_ll_usb.o
 .text.USB_HostInit
                0x08008a94      0x188 ./Drivers/STM32F4xx_HAL_Driver/Src/stm32f4xx_ll_usb.o
                0x08008a94                USB_HostInit
 .text.USB_InitFSLSPClkSel
                0x08008c1c       0x7a ./Drivers/STM32F4xx_HAL_Driver/Src/stm32f4xx_ll_usb.o
                0x08008c1c                USB_InitFSLSPClkSel
 .text.USB_ResetPort
                0x08008c96       0x54 ./Drivers/STM32F4xx_HAL_Driver/Src/stm32f4xx_ll_usb.o
                0x08008c96                USB_ResetPort
 .text.USB_DriveVbus
                0x08008cea       0x72 ./Drivers/STM32F4xx_HAL_Driver/Src/stm32f4xx_ll_usb.o
                0x08008cea                USB_DriveVbus
 .text.USB_GetHostSpeed
                0x08008d5c       0x2e ./Drivers/STM32F4xx_HAL_Driver/Src/stm32f4xx_ll_usb.o
                0x08008d5c                USB_GetHostSpeed
 .text.USB_GetCurrentFrame
                0x08008d8a       0x22 ./Drivers/STM32F4xx_HAL_Driver/Src/stm32f4xx_ll_usb.o
                0x08008d8a                USB_GetCurrentFrame
 .text.USB_HC_Init
                0x08008dac      0x258 ./Drivers/STM32F4xx_HAL_Driver/Src/stm32f4xx_ll_usb.o
                0x08008dac                USB_HC_Init
 .text.USB_HC_StartXfer
                0x08009004      0x4f4 ./Drivers/STM32F4xx_HAL_Driver/Src/stm32f4xx_ll_usb.o
                0x08009004                USB_HC_StartXfer
 .text.USB_HC_ReadInterrupt
                0x080094f8       0x22 ./Drivers/STM32F4xx_HAL_Driver/Src/stm32f4xx_ll_usb.o
                0x080094f8                USB_HC_ReadInterrupt
 .text.USB_HC_Halt
                0x0800951a      0x240 ./Drivers/STM32F4xx_HAL_Driver/Src/stm32f4xx_ll_usb.o
                0x0800951a                USB_HC_Halt
 *fill*         0x0800975a        0x2 
 .text.USB_DoPing
                0x0800975c       0x78 ./Drivers/STM32F4xx_HAL_Driver/Src/stm32f4xx_ll_usb.o
                0x0800975c                USB_DoPing
 .text.USB_StopHost
                0x080097d4      0x124 ./Drivers/STM32F4xx_HAL_Driver/Src/stm32f4xx_ll_usb.o
                0x080097d4                USB_StopHost
 .text.USBH_CDC_InterfaceInit
                0x080098f8      0x2ac ./Middlewares/ST/STM32_USB_Host_Library/Class/CDC/Src/usbh_cdc.o
 .text.USBH_CDC_InterfaceDeInit
                0x08009ba4       0xb2 ./Middlewares/ST/STM32_USB_Host_Library/Class/CDC/Src/usbh_cdc.o
 .text.USBH_CDC_ClassRequest
                0x08009c56       0x3e ./Middlewares/ST/STM32_USB_Host_Library/Class/CDC/Src/usbh_cdc.o
 .text.USBH_CDC_Process
                0x08009c94      0x12c ./Middlewares/ST/STM32_USB_Host_Library/Class/CDC/Src/usbh_cdc.o
 .text.USBH_CDC_SOFProcess
                0x08009dc0       0x16 ./Middlewares/ST/STM32_USB_Host_Library/Class/CDC/Src/usbh_cdc.o
 .text.GetLineCoding
                0x08009dd6       0x3e ./Middlewares/ST/STM32_USB_Host_Library/Class/CDC/Src/usbh_cdc.o
 .text.SetLineCoding
                0x08009e14       0x3e ./Middlewares/ST/STM32_USB_Host_Library/Class/CDC/Src/usbh_cdc.o
 .text.CDC_ProcessTransmission
                0x08009e52      0x104 ./Middlewares/ST/STM32_USB_Host_Library/Class/CDC/Src/usbh_cdc.o
 .text.CDC_ProcessReception
                0x08009f56       0xc2 ./Middlewares/ST/STM32_USB_Host_Library/Class/CDC/Src/usbh_cdc.o
 .text.USBH_CDC_TransmitCallback
                0x0800a018       0x14 ./Middlewares/ST/STM32_USB_Host_Library/Class/CDC/Src/usbh_cdc.o
                0x0800a018                USBH_CDC_TransmitCallback
 .text.USBH_CDC_ReceiveCallback
                0x0800a02c       0x14 ./Middlewares/ST/STM32_USB_Host_Library/Class/CDC/Src/usbh_cdc.o
                0x0800a02c                USBH_CDC_ReceiveCallback
 .text.USBH_CDC_LineCodingChanged
                0x0800a040       0x14 ./Middlewares/ST/STM32_USB_Host_Library/Class/CDC/Src/usbh_cdc.o
                0x0800a040                USBH_CDC_LineCodingChanged
 .text.USBH_Init
                0x0800a054       0xb8 ./Middlewares/ST/STM32_USB_Host_Library/Core/Src/usbh_core.o
                0x0800a054                USBH_Init
 .text.DeInitStateMachine
                0x0800a10c       0xe2 ./Middlewares/ST/STM32_USB_Host_Library/Core/Src/usbh_core.o
 .text.USBH_RegisterClass
                0x0800a1ee       0x54 ./Middlewares/ST/STM32_USB_Host_Library/Core/Src/usbh_core.o
                0x0800a1ee                USBH_RegisterClass
 .text.USBH_SelectInterface
                0x0800a242       0x38 ./Middlewares/ST/STM32_USB_Host_Library/Core/Src/usbh_core.o
                0x0800a242                USBH_SelectInterface
 .text.USBH_FindInterface
                0x0800a27a       0x8c ./Middlewares/ST/STM32_USB_Host_Library/Core/Src/usbh_core.o
                0x0800a27a                USBH_FindInterface
 .text.USBH_Start
                0x0800a306       0x20 ./Middlewares/ST/STM32_USB_Host_Library/Core/Src/usbh_core.o
                0x0800a306                USBH_Start
 *fill*         0x0800a326        0x2 
 .text.USBH_Process
                0x0800a328      0x434 ./Middlewares/ST/STM32_USB_Host_Library/Core/Src/usbh_core.o
                0x0800a328                USBH_Process
 .text.USBH_HandleEnum
                0x0800a75c      0x3fc ./Middlewares/ST/STM32_USB_Host_Library/Core/Src/usbh_core.o
 .text.USBH_LL_SetTimer
                0x0800ab58       0x1e ./Middlewares/ST/STM32_USB_Host_Library/Core/Src/usbh_core.o
                0x0800ab58                USBH_LL_SetTimer
 .text.USBH_LL_IncTimer
                0x0800ab76       0x24 ./Middlewares/ST/STM32_USB_Host_Library/Core/Src/usbh_core.o
                0x0800ab76                USBH_LL_IncTimer
 .text.USBH_HandleSof
                0x0800ab9a       0x30 ./Middlewares/ST/STM32_USB_Host_Library/Core/Src/usbh_core.o
 .text.USBH_LL_PortEnabled
                0x0800abca       0x24 ./Middlewares/ST/STM32_USB_Host_Library/Core/Src/usbh_core.o
                0x0800abca                USBH_LL_PortEnabled
 .text.USBH_LL_PortDisabled
                0x0800abee       0x24 ./Middlewares/ST/STM32_USB_Host_Library/Core/Src/usbh_core.o
                0x0800abee                USBH_LL_PortDisabled
 .text.USBH_LL_Connect
                0x0800ac12       0x36 ./Middlewares/ST/STM32_USB_Host_Library/Core/Src/usbh_core.o
                0x0800ac12                USBH_LL_Connect
 .text.USBH_LL_Disconnect
                0x0800ac48       0x54 ./Middlewares/ST/STM32_USB_Host_Library/Core/Src/usbh_core.o
                0x0800ac48                USBH_LL_Disconnect
 .text.USBH_OS_PutMessage
                0x0800ac9c       0x48 ./Middlewares/ST/STM32_USB_Host_Library/Core/Src/usbh_core.o
                0x0800ac9c                USBH_OS_PutMessage
 .text.USBH_Process_OS
                0x0800ace4       0x2e ./Middlewares/ST/STM32_USB_Host_Library/Core/Src/usbh_core.o
 .text.USBH_LL_NotifyURBChange
                0x0800ad12       0x1e ./Middlewares/ST/STM32_USB_Host_Library/Core/Src/usbh_core.o
                0x0800ad12                USBH_LL_NotifyURBChange
 .text.USBH_Get_DevDesc
                0x0800ad30       0x58 ./Middlewares/ST/STM32_USB_Host_Library/Core/Src/usbh_ctlreq.o
                0x0800ad30                USBH_Get_DevDesc
 .text.USBH_Get_CfgDesc
                0x0800ad88       0x54 ./Middlewares/ST/STM32_USB_Host_Library/Core/Src/usbh_ctlreq.o
                0x0800ad88                USBH_Get_CfgDesc
 .text.USBH_Get_StringDesc
                0x0800addc       0x68 ./Middlewares/ST/STM32_USB_Host_Library/Core/Src/usbh_ctlreq.o
                0x0800addc                USBH_Get_StringDesc
 .text.USBH_GetDescriptor
                0x0800ae44       0x6a ./Middlewares/ST/STM32_USB_Host_Library/Core/Src/usbh_ctlreq.o
                0x0800ae44                USBH_GetDescriptor
 .text.USBH_SetAddress
                0x0800aeae       0x48 ./Middlewares/ST/STM32_USB_Host_Library/Core/Src/usbh_ctlreq.o
                0x0800aeae                USBH_SetAddress
 .text.USBH_SetCfg
                0x0800aef6       0x46 ./Middlewares/ST/STM32_USB_Host_Library/Core/Src/usbh_ctlreq.o
                0x0800aef6                USBH_SetCfg
 .text.USBH_SetFeature
                0x0800af3c       0x48 ./Middlewares/ST/STM32_USB_Host_Library/Core/Src/usbh_ctlreq.o
                0x0800af3c                USBH_SetFeature
 .text.USBH_ClrFeature
                0x0800af84       0x48 ./Middlewares/ST/STM32_USB_Host_Library/Core/Src/usbh_ctlreq.o
                0x0800af84                USBH_ClrFeature
 .text.USBH_ParseDevDesc
                0x0800afcc      0x160 ./Middlewares/ST/STM32_USB_Host_Library/Core/Src/usbh_ctlreq.o
 .text.USBH_ParseCfgDesc
                0x0800b12c      0x1f8 ./Middlewares/ST/STM32_USB_Host_Library/Core/Src/usbh_ctlreq.o
 .text.USBH_ParseInterfaceDesc
                0x0800b324       0x5e ./Middlewares/ST/STM32_USB_Host_Library/Core/Src/usbh_ctlreq.o
 .text.USBH_ParseEPDesc
                0x0800b382      0x1d0 ./Middlewares/ST/STM32_USB_Host_Library/Core/Src/usbh_ctlreq.o
 .text.USBH_ParseStringDesc
                0x0800b552       0x66 ./Middlewares/ST/STM32_USB_Host_Library/Core/Src/usbh_ctlreq.o
 .text.USBH_GetNextDesc
                0x0800b5b8       0x34 ./Middlewares/ST/STM32_USB_Host_Library/Core/Src/usbh_ctlreq.o
                0x0800b5b8                USBH_GetNextDesc
 .text.USBH_CtlReq
                0x0800b5ec       0x92 ./Middlewares/ST/STM32_USB_Host_Library/Core/Src/usbh_ctlreq.o
                0x0800b5ec                USBH_CtlReq
 *fill*         0x0800b67e        0x2 
 .text.USBH_HandleControl
                0x0800b680      0x3a0 ./Middlewares/ST/STM32_USB_Host_Library/Core/Src/usbh_ctlreq.o
 .text.USBH_CtlSendSetup
                0x0800ba20       0x34 ./Middlewares/ST/STM32_USB_Host_Library/Core/Src/usbh_ioreq.o
                0x0800ba20                USBH_CtlSendSetup
 .text.USBH_CtlSendData
                0x0800ba54       0x4a ./Middlewares/ST/STM32_USB_Host_Library/Core/Src/usbh_ioreq.o
                0x0800ba54                USBH_CtlSendData
 .text.USBH_CtlReceiveData
                0x0800ba9e       0x3c ./Middlewares/ST/STM32_USB_Host_Library/Core/Src/usbh_ioreq.o
                0x0800ba9e                USBH_CtlReceiveData
 .text.USBH_BulkSendData
                0x0800bada       0x4a ./Middlewares/ST/STM32_USB_Host_Library/Core/Src/usbh_ioreq.o
                0x0800bada                USBH_BulkSendData
 .text.USBH_BulkReceiveData
                0x0800bb24       0x3c ./Middlewares/ST/STM32_USB_Host_Library/Core/Src/usbh_ioreq.o
                0x0800bb24                USBH_BulkReceiveData
 .text.USBH_OpenPipe
                0x0800bb60       0x3e ./Middlewares/ST/STM32_USB_Host_Library/Core/Src/usbh_pipes.o
                0x0800bb60                USBH_OpenPipe
 .text.USBH_ClosePipe
                0x0800bb9e       0x20 ./Middlewares/ST/STM32_USB_Host_Library/Core/Src/usbh_pipes.o
                0x0800bb9e                USBH_ClosePipe
 .text.USBH_AllocPipe
                0x0800bbbe       0x42 ./Middlewares/ST/STM32_USB_Host_Library/Core/Src/usbh_pipes.o
                0x0800bbbe                USBH_AllocPipe
 .text.USBH_FreePipe
                0x0800bc00       0x3c ./Middlewares/ST/STM32_USB_Host_Library/Core/Src/usbh_pipes.o
                0x0800bc00                USBH_FreePipe
 .text.USBH_GetFreePipe
                0x0800bc3c       0x48 ./Middlewares/ST/STM32_USB_Host_Library/Core/Src/usbh_pipes.o
 .text.__NVIC_SetPriority
                0x0800bc84       0x54 ./Middlewares/Third_Party/FreeRTOS/Source/CMSIS_RTOS_V2/cmsis_os2.o
 .text.SysTick_Handler
                0x0800bcd8       0x20 ./Middlewares/Third_Party/FreeRTOS/Source/CMSIS_RTOS_V2/cmsis_os2.o
                0x0800bcd8                SysTick_Handler
 .text.SVC_Setup
                0x0800bcf8       0x12 ./Middlewares/Third_Party/FreeRTOS/Source/CMSIS_RTOS_V2/cmsis_os2.o
 *fill*         0x0800bd0a        0x2 
 .text.osKernelInitialize
                0x0800bd0c       0x48 ./Middlewares/Third_Party/FreeRTOS/Source/CMSIS_RTOS_V2/cmsis_os2.o
                0x0800bd0c                osKernelInitialize
 .text.osKernelStart
                0x0800bd54       0x4c ./Middlewares/Third_Party/FreeRTOS/Source/CMSIS_RTOS_V2/cmsis_os2.o
                0x0800bd54                osKernelStart
 .text.osThreadNew
                0x0800bda0      0x124 ./Middlewares/Third_Party/FreeRTOS/Source/CMSIS_RTOS_V2/cmsis_os2.o
                0x0800bda0                osThreadNew
 .text.osDelay  0x0800bec4       0x36 ./Middlewares/Third_Party/FreeRTOS/Source/CMSIS_RTOS_V2/cmsis_os2.o
                0x0800bec4                osDelay
 .text.osMessageQueueNew
                0x0800befa       0xe6 ./Middlewares/Third_Party/FreeRTOS/Source/CMSIS_RTOS_V2/cmsis_os2.o
                0x0800befa                osMessageQueueNew
 .text.osMessageQueuePut
                0x0800bfe0       0xc0 ./Middlewares/Third_Party/FreeRTOS/Source/CMSIS_RTOS_V2/cmsis_os2.o
                0x0800bfe0                osMessageQueuePut
 .text.osMessageQueueGet
                0x0800c0a0       0xbc ./Middlewares/Third_Party/FreeRTOS/Source/CMSIS_RTOS_V2/cmsis_os2.o
                0x0800c0a0                osMessageQueueGet
 .text.osMessageQueueGetSpace
                0x0800c15c       0x6a ./Middlewares/Third_Party/FreeRTOS/Source/CMSIS_RTOS_V2/cmsis_os2.o
                0x0800c15c                osMessageQueueGetSpace
 *fill*         0x0800c1c6        0x2 
 .text.vApplicationGetIdleTaskMemory
                0x0800c1c8       0x34 ./Middlewares/Third_Party/FreeRTOS/Source/CMSIS_RTOS_V2/cmsis_os2.o
                0x0800c1c8                vApplicationGetIdleTaskMemory
 .text.vApplicationGetTimerTaskMemory
                0x0800c1fc       0x34 ./Middlewares/Third_Party/FreeRTOS/Source/CMSIS_RTOS_V2/cmsis_os2.o
                0x0800c1fc                vApplicationGetTimerTaskMemory
 .text.vListInitialise
                0x0800c230       0x40 ./Middlewares/Third_Party/FreeRTOS/Source/list.o
                0x0800c230                vListInitialise
 .text.vListInitialiseItem
                0x0800c270       0x1a ./Middlewares/Third_Party/FreeRTOS/Source/list.o
                0x0800c270                vListInitialiseItem
 .text.vListInsertEnd
                0x0800c28a       0x48 ./Middlewares/Third_Party/FreeRTOS/Source/list.o
                0x0800c28a                vListInsertEnd
 .text.vListInsert
                0x0800c2d2       0x72 ./Middlewares/Third_Party/FreeRTOS/Source/list.o
                0x0800c2d2                vListInsert
 .text.uxListRemove
                0x0800c344       0x54 ./Middlewares/Third_Party/FreeRTOS/Source/list.o
                0x0800c344                uxListRemove
 .text.xQueueGenericReset
                0x0800c398       0xd4 ./Middlewares/Third_Party/FreeRTOS/Source/queue.o
                0x0800c398                xQueueGenericReset
 .text.xQueueGenericCreateStatic
                0x0800c46c       0xfa ./Middlewares/Third_Party/FreeRTOS/Source/queue.o
                0x0800c46c                xQueueGenericCreateStatic
 .text.xQueueGenericCreate
                0x0800c566       0x76 ./Middlewares/Third_Party/FreeRTOS/Source/queue.o
                0x0800c566                xQueueGenericCreate
 .text.prvInitialiseNewQueue
                0x0800c5dc       0x46 ./Middlewares/Third_Party/FreeRTOS/Source/queue.o
 *fill*         0x0800c622        0x2 
 .text.xQueueGenericSend
                0x0800c624      0x204 ./Middlewares/Third_Party/FreeRTOS/Source/queue.o
                0x0800c624                xQueueGenericSend
 .text.xQueueGenericSendFromISR
                0x0800c828      0x13c ./Middlewares/Third_Party/FreeRTOS/Source/queue.o
                0x0800c828                xQueueGenericSendFromISR
 .text.xQueueReceive
                0x0800c964      0x1c4 ./Middlewares/Third_Party/FreeRTOS/Source/queue.o
                0x0800c964                xQueueReceive
 .text.xQueueReceiveFromISR
                0x0800cb28      0x104 ./Middlewares/Third_Party/FreeRTOS/Source/queue.o
                0x0800cb28                xQueueReceiveFromISR
 .text.uxQueueSpacesAvailable
                0x0800cc2c       0x48 ./Middlewares/Third_Party/FreeRTOS/Source/queue.o
                0x0800cc2c                uxQueueSpacesAvailable
 .text.prvCopyDataToQueue
                0x0800cc74       0xd4 ./Middlewares/Third_Party/FreeRTOS/Source/queue.o
 .text.prvCopyDataFromQueue
                0x0800cd48       0x4c ./Middlewares/Third_Party/FreeRTOS/Source/queue.o
 .text.prvUnlockQueue
                0x0800cd94       0xa4 ./Middlewares/Third_Party/FreeRTOS/Source/queue.o
 .text.prvIsQueueEmpty
                0x0800ce38       0x2c ./Middlewares/Third_Party/FreeRTOS/Source/queue.o
 .text.prvIsQueueFull
                0x0800ce64       0x30 ./Middlewares/Third_Party/FreeRTOS/Source/queue.o
 .text.vQueueAddToRegistry
                0x0800ce94       0x54 ./Middlewares/Third_Party/FreeRTOS/Source/queue.o
                0x0800ce94                vQueueAddToRegistry
 .text.vQueueWaitForMessageRestricted
                0x0800cee8       0x68 ./Middlewares/Third_Party/FreeRTOS/Source/queue.o
                0x0800cee8                vQueueWaitForMessageRestricted
 .text.xTaskCreateStatic
                0x0800cf50       0xc0 ./Middlewares/Third_Party/FreeRTOS/Source/tasks.o
                0x0800cf50                xTaskCreateStatic
 .text.xTaskCreate
                0x0800d010       0x8a ./Middlewares/Third_Party/FreeRTOS/Source/tasks.o
                0x0800d010                xTaskCreate
 .text.prvInitialiseNewTask
                0x0800d09a      0x120 ./Middlewares/Third_Party/FreeRTOS/Source/tasks.o
 *fill*         0x0800d1ba        0x2 
 .text.prvAddNewTaskToReadyList
                0x0800d1bc       0xe0 ./Middlewares/Third_Party/FreeRTOS/Source/tasks.o
 .text.vTaskDelay
                0x0800d29c       0x6c ./Middlewares/Third_Party/FreeRTOS/Source/tasks.o
                0x0800d29c                vTaskDelay
 .text.vTaskStartScheduler
                0x0800d308       0xd0 ./Middlewares/Third_Party/FreeRTOS/Source/tasks.o
                0x0800d308                vTaskStartScheduler
 .text.vTaskSuspendAll
                0x0800d3d8       0x1c ./Middlewares/Third_Party/FreeRTOS/Source/tasks.o
                0x0800d3d8                vTaskSuspendAll
 .text.xTaskResumeAll
                0x0800d3f4      0x13c ./Middlewares/Third_Party/FreeRTOS/Source/tasks.o
                0x0800d3f4                xTaskResumeAll
 .text.xTaskGetTickCount
                0x0800d530       0x20 ./Middlewares/Third_Party/FreeRTOS/Source/tasks.o
                0x0800d530                xTaskGetTickCount
 .text.xTaskIncrementTick
                0x0800d550      0x174 ./Middlewares/Third_Party/FreeRTOS/Source/tasks.o
                0x0800d550                xTaskIncrementTick
 .text.vTaskSwitchContext
                0x0800d6c4       0xbc ./Middlewares/Third_Party/FreeRTOS/Source/tasks.o
                0x0800d6c4                vTaskSwitchContext
 .text.vTaskPlaceOnEventList
                0x0800d780       0x4c ./Middlewares/Third_Party/FreeRTOS/Source/tasks.o
                0x0800d780                vTaskPlaceOnEventList
 .text.vTaskPlaceOnEventListRestricted
                0x0800d7cc       0x58 ./Middlewares/Third_Party/FreeRTOS/Source/tasks.o
                0x0800d7cc                vTaskPlaceOnEventListRestricted
 .text.xTaskRemoveFromEventList
                0x0800d824       0xc8 ./Middlewares/Third_Party/FreeRTOS/Source/tasks.o
                0x0800d824                xTaskRemoveFromEventList
 .text.vTaskInternalSetTimeOutState
                0x0800d8ec       0x2c ./Middlewares/Third_Party/FreeRTOS/Source/tasks.o
                0x0800d8ec                vTaskInternalSetTimeOutState
 .text.xTaskCheckForTimeOut
                0x0800d918       0xc8 ./Middlewares/Third_Party/FreeRTOS/Source/tasks.o
                0x0800d918                xTaskCheckForTimeOut
 .text.vTaskMissedYield
                0x0800d9e0       0x18 ./Middlewares/Third_Party/FreeRTOS/Source/tasks.o
                0x0800d9e0                vTaskMissedYield
 .text.prvIdleTask
                0x0800d9f8       0x30 ./Middlewares/Third_Party/FreeRTOS/Source/tasks.o
 .text.prvInitialiseTaskLists
                0x0800da28       0x80 ./Middlewares/Third_Party/FreeRTOS/Source/tasks.o
 .text.prvCheckTasksWaitingTermination
                0x0800daa8       0x5c ./Middlewares/Third_Party/FreeRTOS/Source/tasks.o
 .text.prvDeleteTCB
                0x0800db04       0x60 ./Middlewares/Third_Party/FreeRTOS/Source/tasks.o
 .text.prvResetNextTaskUnblockTime
                0x0800db64       0x40 ./Middlewares/Third_Party/FreeRTOS/Source/tasks.o
 .text.xTaskGetSchedulerState
                0x0800dba4       0x3c ./Middlewares/Third_Party/FreeRTOS/Source/tasks.o
                0x0800dba4                xTaskGetSchedulerState
 .text.xTaskPriorityDisinherit
                0x0800dbe0       0xe0 ./Middlewares/Third_Party/FreeRTOS/Source/tasks.o
                0x0800dbe0                xTaskPriorityDisinherit
 .text.prvAddCurrentTaskToDelayedList
                0x0800dcc0       0xa8 ./Middlewares/Third_Party/FreeRTOS/Source/tasks.o
 .text.xTimerCreateTimerTask
                0x0800dd68       0x94 ./Middlewares/Third_Party/FreeRTOS/Source/timers.o
                0x0800dd68                xTimerCreateTimerTask
 .text.xTimerGenericCommand
                0x0800ddfc       0x9c ./Middlewares/Third_Party/FreeRTOS/Source/timers.o
                0x0800ddfc                xTimerGenericCommand
 .text.prvProcessExpiredTimer
                0x0800de98       0x9c ./Middlewares/Third_Party/FreeRTOS/Source/timers.o
 .text.prvTimerTask
                0x0800df34       0x26 ./Middlewares/Third_Party/FreeRTOS/Source/timers.o
 *fill*         0x0800df5a        0x2 
 .text.prvProcessTimerOrBlockTask
                0x0800df5c       0x9c ./Middlewares/Third_Party/FreeRTOS/Source/timers.o
 .text.prvGetNextExpireTime
                0x0800dff8       0x48 ./Middlewares/Third_Party/FreeRTOS/Source/timers.o
 .text.prvSampleTimeNow
                0x0800e040       0x40 ./Middlewares/Third_Party/FreeRTOS/Source/timers.o
 .text.prvInsertTimerInActiveList
                0x0800e080       0x84 ./Middlewares/Third_Party/FreeRTOS/Source/timers.o
 .text.prvProcessReceivedCommands
                0x0800e104      0x1cc ./Middlewares/Third_Party/FreeRTOS/Source/timers.o
 .text.prvSwitchTimerLists
                0x0800e2d0       0xcc ./Middlewares/Third_Party/FreeRTOS/Source/timers.o
 .text.prvCheckForValidListAndQueue
                0x0800e39c       0x80 ./Middlewares/Third_Party/FreeRTOS/Source/timers.o
 .text.pxPortInitialiseStack
                0x0800e41c       0x68 ./Middlewares/Third_Party/FreeRTOS/Source/portable/GCC/ARM_CM4F/port.o
                0x0800e41c                pxPortInitialiseStack
 .text.prvTaskExitError
                0x0800e484       0x5c ./Middlewares/Third_Party/FreeRTOS/Source/portable/GCC/ARM_CM4F/port.o
 .text.SVC_Handler
                0x0800e4e0       0x28 ./Middlewares/Third_Party/FreeRTOS/Source/portable/GCC/ARM_CM4F/port.o
                0x0800e4e0                SVC_Handler
 .text.prvPortStartFirstTask
                0x0800e508       0x28 ./Middlewares/Third_Party/FreeRTOS/Source/portable/GCC/ARM_CM4F/port.o
 .text.xPortStartScheduler
                0x0800e530      0x148 ./Middlewares/Third_Party/FreeRTOS/Source/portable/GCC/ARM_CM4F/port.o
                0x0800e530                xPortStartScheduler
 .text.vPortEnterCritical
                0x0800e678       0x64 ./Middlewares/Third_Party/FreeRTOS/Source/portable/GCC/ARM_CM4F/port.o
                0x0800e678                vPortEnterCritical
 .text.vPortExitCritical
                0x0800e6dc       0x54 ./Middlewares/Third_Party/FreeRTOS/Source/portable/GCC/ARM_CM4F/port.o
                0x0800e6dc                vPortExitCritical
 .text.PendSV_Handler
                0x0800e730       0x68 ./Middlewares/Third_Party/FreeRTOS/Source/portable/GCC/ARM_CM4F/port.o
                0x0800e730                PendSV_Handler
 .text.xPortSysTickHandler
                0x0800e798       0x44 ./Middlewares/Third_Party/FreeRTOS/Source/portable/GCC/ARM_CM4F/port.o
                0x0800e798                xPortSysTickHandler
 .text.vPortSetupTimerInterrupt
                0x0800e7dc       0x48 ./Middlewares/Third_Party/FreeRTOS/Source/portable/GCC/ARM_CM4F/port.o
                0x0800e7dc                vPortSetupTimerInterrupt
 .text.vPortEnableVFP
                0x0800e824       0x14 ./Middlewares/Third_Party/FreeRTOS/Source/portable/GCC/ARM_CM4F/port.o
 .text.vPortValidateInterruptPriority
                0x0800e838       0x84 ./Middlewares/Third_Party/FreeRTOS/Source/portable/GCC/ARM_CM4F/port.o
                0x0800e838                vPortValidateInterruptPriority
 .text.pvPortMalloc
                0x0800e8bc      0x19c ./Middlewares/Third_Party/FreeRTOS/Source/portable/MemMang/heap_4.o
                0x0800e8bc                pvPortMalloc
 .text.vPortFree
                0x0800ea58       0xc8 ./Middlewares/Third_Party/FreeRTOS/Source/portable/MemMang/heap_4.o
                0x0800ea58                vPortFree
 .text.prvHeapInit
                0x0800eb20       0xc4 ./Middlewares/Third_Party/FreeRTOS/Source/portable/MemMang/heap_4.o
 .text.prvInsertBlockIntoFreeList
                0x0800ebe4       0xb4 ./Middlewares/Third_Party/FreeRTOS/Source/portable/MemMang/heap_4.o
 .text.MX_USB_HOST_Init
                0x0800ec98       0x4c ./USB_HOST/App/usb_host.o
                0x0800ec98                MX_USB_HOST_Init
 .text.USBH_UserProcess
                0x0800ece4       0x5c ./USB_HOST/App/usb_host.o
 .text.HAL_HCD_MspInit
                0x0800ed40       0xc4 ./USB_HOST/Target/usbh_conf.o
                0x0800ed40                HAL_HCD_MspInit
 .text.HAL_HCD_SOF_Callback
                0x0800ee04       0x1c ./USB_HOST/Target/usbh_conf.o
                0x0800ee04                HAL_HCD_SOF_Callback
 .text.HAL_HCD_Connect_Callback
                0x0800ee20       0x1c ./USB_HOST/Target/usbh_conf.o
                0x0800ee20                HAL_HCD_Connect_Callback
 .text.HAL_HCD_Disconnect_Callback
                0x0800ee3c       0x1c ./USB_HOST/Target/usbh_conf.o
                0x0800ee3c                HAL_HCD_Disconnect_Callback
 .text.HAL_HCD_HC_NotifyURBChange_Callback
                0x0800ee58       0x24 ./USB_HOST/Target/usbh_conf.o
                0x0800ee58                HAL_HCD_HC_NotifyURBChange_Callback
 .text.HAL_HCD_PortEnabled_Callback
                0x0800ee7c       0x1c ./USB_HOST/Target/usbh_conf.o
                0x0800ee7c                HAL_HCD_PortEnabled_Callback
 .text.HAL_HCD_PortDisabled_Callback
                0x0800ee98       0x1c ./USB_HOST/Target/usbh_conf.o
                0x0800ee98                HAL_HCD_PortDisabled_Callback
 .text.USBH_LL_Init
                0x0800eeb4       0x78 ./USB_HOST/Target/usbh_conf.o
                0x0800eeb4                USBH_LL_Init
 .text.USBH_LL_Start
                0x0800ef2c       0x36 ./USB_HOST/Target/usbh_conf.o
                0x0800ef2c                USBH_LL_Start
 .text.USBH_LL_Stop
                0x0800ef62       0x36 ./USB_HOST/Target/usbh_conf.o
                0x0800ef62                USBH_LL_Stop
 .text.USBH_LL_GetSpeed
                0x0800ef98       0x4e ./USB_HOST/Target/usbh_conf.o
                0x0800ef98                USBH_LL_GetSpeed
 .text.USBH_LL_ResetPort
                0x0800efe6       0x36 ./USB_HOST/Target/usbh_conf.o
                0x0800efe6                USBH_LL_ResetPort
 .text.USBH_LL_GetLastXferSize
                0x0800f01c       0x26 ./USB_HOST/Target/usbh_conf.o
                0x0800f01c                USBH_LL_GetLastXferSize
 .text.USBH_LL_OpenPipe
                0x0800f042       0x5e ./USB_HOST/Target/usbh_conf.o
                0x0800f042                USBH_LL_OpenPipe
 .text.USBH_LL_ClosePipe
                0x0800f0a0       0x1a ./USB_HOST/Target/usbh_conf.o
                0x0800f0a0                USBH_LL_ClosePipe
 .text.USBH_LL_SubmitURB
                0x0800f0ba       0x62 ./USB_HOST/Target/usbh_conf.o
                0x0800f0ba                USBH_LL_SubmitURB
 .text.USBH_LL_GetURBState
                0x0800f11c       0x26 ./USB_HOST/Target/usbh_conf.o
                0x0800f11c                USBH_LL_GetURBState
 .text.USBH_LL_DriverVBUS
                0x0800f142       0x2e ./USB_HOST/Target/usbh_conf.o
                0x0800f142                USBH_LL_DriverVBUS
 .text.USBH_LL_SetToggle
                0x0800f170       0x66 ./USB_HOST/Target/usbh_conf.o
                0x0800f170                USBH_LL_SetToggle
 .text.USBH_Delay
                0x0800f1d6       0x16 ./USB_HOST/Target/usbh_conf.o
                0x0800f1d6                USBH_Delay
 .text.USBH_Get_USB_Status
                0x0800f1ec       0x58 ./USB_HOST/Target/usbh_conf.o
                0x0800f1ec                USBH_Get_USB_Status
 .text.MX_DriverVbusFS
                0x0800f244       0x38 ./USB_HOST/Target/usbh_platform.o
                0x0800f244                MX_DriverVbusFS
 .text.malloc   0x0800f27c       0x10 C:/ST/STM32CubeIDE_1.19.0/STM32CubeIDE/plugins/com.st.stm32cube.ide.mcu.externaltools.gnu-tools-for-stm32.13.3.rel1.win32_1.0.0.202411081344/tools/bin/../lib/gcc/arm-none-eabi/13.3.1/../../../../arm-none-eabi/lib/thumb/v7e-m+fp/hard\libc_nano.a(libc_a-malloc.o)
                0x0800f27c                malloc
 .text.free     0x0800f28c       0x10 C:/ST/STM32CubeIDE_1.19.0/STM32CubeIDE/plugins/com.st.stm32cube.ide.mcu.externaltools.gnu-tools-for-stm32.13.3.rel1.win32_1.0.0.202411081344/tools/bin/../lib/gcc/arm-none-eabi/13.3.1/../../../../arm-none-eabi/lib/thumb/v7e-m+fp/hard\libc_nano.a(libc_a-malloc.o)
                0x0800f28c                free
 .text.sbrk_aligned
                0x0800f29c       0x44 C:/ST/STM32CubeIDE_1.19.0/STM32CubeIDE/plugins/com.st.stm32cube.ide.mcu.externaltools.gnu-tools-for-stm32.13.3.rel1.win32_1.0.0.202411081344/tools/bin/../lib/gcc/arm-none-eabi/13.3.1/../../../../arm-none-eabi/lib/thumb/v7e-m+fp/hard\libc_nano.a(libc_a-mallocr.o)
 .text._malloc_r
                0x0800f2e0      0x100 C:/ST/STM32CubeIDE_1.19.0/STM32CubeIDE/plugins/com.st.stm32cube.ide.mcu.externaltools.gnu-tools-for-stm32.13.3.rel1.win32_1.0.0.202411081344/tools/bin/../lib/gcc/arm-none-eabi/13.3.1/../../../../arm-none-eabi/lib/thumb/v7e-m+fp/hard\libc_nano.a(libc_a-mallocr.o)
                0x0800f2e0                _malloc_r
 .text.__malloc_lock
                0x0800f3e0        0xc C:/ST/STM32CubeIDE_1.19.0/STM32CubeIDE/plugins/com.st.stm32cube.ide.mcu.externaltools.gnu-tools-for-stm32.13.3.rel1.win32_1.0.0.202411081344/tools/bin/../lib/gcc/arm-none-eabi/13.3.1/../../../../arm-none-eabi/lib/thumb/v7e-m+fp/hard\libc_nano.a(libc_a-mlock.o)
                0x0800f3e0                __malloc_lock
 .text.__malloc_unlock
                0x0800f3ec        0xc C:/ST/STM32CubeIDE_1.19.0/STM32CubeIDE/plugins/com.st.stm32cube.ide.mcu.externaltools.gnu-tools-for-stm32.13.3.rel1.win32_1.0.0.202411081344/tools/bin/../lib/gcc/arm-none-eabi/13.3.1/../../../../arm-none-eabi/lib/thumb/v7e-m+fp/hard\libc_nano.a(libc_a-mlock.o)
                0x0800f3ec                __malloc_unlock
 .text.memset   0x0800f3f8       0x10 C:/ST/STM32CubeIDE_1.19.0/STM32CubeIDE/plugins/com.st.stm32cube.ide.mcu.externaltools.gnu-tools-for-stm32.13.3.rel1.win32_1.0.0.202411081344/tools/bin/../lib/gcc/arm-none-eabi/13.3.1/../../../../arm-none-eabi/lib/thumb/v7e-m+fp/hard\libc_nano.a(libc_a-memset.o)
                0x0800f3f8                memset
 .text._sbrk_r  0x0800f408       0x20 C:/ST/STM32CubeIDE_1.19.0/STM32CubeIDE/plugins/com.st.stm32cube.ide.mcu.externaltools.gnu-tools-for-stm32.13.3.rel1.win32_1.0.0.202411081344/tools/bin/../lib/gcc/arm-none-eabi/13.3.1/../../../../arm-none-eabi/lib/thumb/v7e-m+fp/hard\libc_nano.a(libc_a-sbrkr.o)
                0x0800f408                _sbrk_r
 .text.__errno  0x0800f428        0xc C:/ST/STM32CubeIDE_1.19.0/STM32CubeIDE/plugins/com.st.stm32cube.ide.mcu.externaltools.gnu-tools-for-stm32.13.3.rel1.win32_1.0.0.202411081344/tools/bin/../lib/gcc/arm-none-eabi/13.3.1/../../../../arm-none-eabi/lib/thumb/v7e-m+fp/hard\libc_nano.a(libc_a-errno.o)
                0x0800f428                __errno
 .text.__libc_init_array
                0x0800f434       0x48 C:/ST/STM32CubeIDE_1.19.0/STM32CubeIDE/plugins/com.st.stm32cube.ide.mcu.externaltools.gnu-tools-for-stm32.13.3.rel1.win32_1.0.0.202411081344/tools/bin/../lib/gcc/arm-none-eabi/13.3.1/../../../../arm-none-eabi/lib/thumb/v7e-m+fp/hard\libc_nano.a(libc_a-init.o)
                0x0800f434                __libc_init_array
 .text.__retarget_lock_acquire_recursive
                0x0800f47c        0x2 C:/ST/STM32CubeIDE_1.19.0/STM32CubeIDE/plugins/com.st.stm32cube.ide.mcu.externaltools.gnu-tools-for-stm32.13.3.rel1.win32_1.0.0.202411081344/tools/bin/../lib/gcc/arm-none-eabi/13.3.1/../../../../arm-none-eabi/lib/thumb/v7e-m+fp/hard\libc_nano.a(libc_a-lock.o)
                0x0800f47c                __retarget_lock_acquire_recursive
 .text.__retarget_lock_release_recursive
                0x0800f47e        0x2 C:/ST/STM32CubeIDE_1.19.0/STM32CubeIDE/plugins/com.st.stm32cube.ide.mcu.externaltools.gnu-tools-for-stm32.13.3.rel1.win32_1.0.0.202411081344/tools/bin/../lib/gcc/arm-none-eabi/13.3.1/../../../../arm-none-eabi/lib/thumb/v7e-m+fp/hard\libc_nano.a(libc_a-lock.o)
                0x0800f47e                __retarget_lock_release_recursive
 .text.memcpy   0x0800f480       0x1c C:/ST/STM32CubeIDE_1.19.0/STM32CubeIDE/plugins/com.st.stm32cube.ide.mcu.externaltools.gnu-tools-for-stm32.13.3.rel1.win32_1.0.0.202411081344/tools/bin/../lib/gcc/arm-none-eabi/13.3.1/../../../../arm-none-eabi/lib/thumb/v7e-m+fp/hard\libc_nano.a(libc_a-memcpy-stub.o)
                0x0800f480                memcpy
 .text._free_r  0x0800f49c       0x94 C:/ST/STM32CubeIDE_1.19.0/STM32CubeIDE/plugins/com.st.stm32cube.ide.mcu.externaltools.gnu-tools-for-stm32.13.3.rel1.win32_1.0.0.202411081344/tools/bin/../lib/gcc/arm-none-eabi/13.3.1/../../../../arm-none-eabi/lib/thumb/v7e-m+fp/hard\libc_nano.a(libc_a-freer.o)
                0x0800f49c                _free_r
 *(.glue_7)
 .glue_7        0x0800f530        0x0 linker stubs
 *(.glue_7t)
 .glue_7t       0x0800f530        0x0 linker stubs
 *(.eh_frame)
 .eh_frame      0x0800f530        0x0 C:/ST/STM32CubeIDE_1.19.0/STM32CubeIDE/plugins/com.st.stm32cube.ide.mcu.externaltools.gnu-tools-for-stm32.13.3.rel1.win32_1.0.0.202411081344/tools/bin/../lib/gcc/arm-none-eabi/13.3.1/thumb/v7e-m+fp/hard/crtbegin.o
 *(.init)
 .init          0x0800f530        0x4 C:/ST/STM32CubeIDE_1.19.0/STM32CubeIDE/plugins/com.st.stm32cube.ide.mcu.externaltools.gnu-tools-for-stm32.13.3.rel1.win32_1.0.0.202411081344/tools/bin/../lib/gcc/arm-none-eabi/13.3.1/thumb/v7e-m+fp/hard/crti.o
                0x0800f530                _init
 .init          0x0800f534        0x8 C:/ST/STM32CubeIDE_1.19.0/STM32CubeIDE/plugins/com.st.stm32cube.ide.mcu.externaltools.gnu-tools-for-stm32.13.3.rel1.win32_1.0.0.202411081344/tools/bin/../lib/gcc/arm-none-eabi/13.3.1/thumb/v7e-m+fp/hard/crtn.o
 *(.fini)
 .fini          0x0800f53c        0x4 C:/ST/STM32CubeIDE_1.19.0/STM32CubeIDE/plugins/com.st.stm32cube.ide.mcu.externaltools.gnu-tools-for-stm32.13.3.rel1.win32_1.0.0.202411081344/tools/bin/../lib/gcc/arm-none-eabi/13.3.1/thumb/v7e-m+fp/hard/crti.o
                0x0800f53c                _fini
 .fini          0x0800f540        0x8 C:/ST/STM32CubeIDE_1.19.0/STM32CubeIDE/plugins/com.st.stm32cube.ide.mcu.externaltools.gnu-tools-for-stm32.13.3.rel1.win32_1.0.0.202411081344/tools/bin/../lib/gcc/arm-none-eabi/13.3.1/thumb/v7e-m+fp/hard/crtn.o
                0x0800f548                        . = ALIGN (0x4)
                0x0800f548                        _etext = .

.vfp11_veneer   0x0800f548        0x0
 .vfp11_veneer  0x0800f548        0x0 linker stubs

.v4_bx          0x0800f548        0x0
 .v4_bx         0x0800f548        0x0 linker stubs

.iplt           0x0800f548        0x0
 .iplt          0x0800f548        0x0 C:/ST/STM32CubeIDE_1.19.0/STM32CubeIDE/plugins/com.st.stm32cube.ide.mcu.externaltools.gnu-tools-for-stm32.13.3.rel1.win32_1.0.0.202411081344/tools/bin/../lib/gcc/arm-none-eabi/13.3.1/thumb/v7e-m+fp/hard/crtbegin.o

.rodata         0x0800f548      0x15c
                0x0800f548                        . = ALIGN (0x4)
 *(.rodata)
 .rodata        0x0800f548       0x2b ./Core/Src/freertos.o
 *fill*         0x0800f573        0x1 
 .rodata        0x0800f574        0x4 ./Middlewares/ST/STM32_USB_Host_Library/Class/CDC/Src/usbh_cdc.o
 .rodata        0x0800f578        0xb ./Middlewares/ST/STM32_USB_Host_Library/Core/Src/usbh_core.o
 *fill*         0x0800f583        0x1 
 .rodata        0x0800f584        0x5 ./Middlewares/Third_Party/FreeRTOS/Source/tasks.o
 *fill*         0x0800f589        0x3 
 .rodata        0x0800f58c        0xd ./Middlewares/Third_Party/FreeRTOS/Source/timers.o
 *(.rodata*)
 *fill*         0x0800f599        0x3 
 .rodata.VL51L1X_DEFAULT_CONFIGURATION
                0x0800f59c       0x5b ./Core/Src/VL53L1X/VL53L1X_api.o
                0x0800f59c                VL51L1X_DEFAULT_CONFIGURATION
 *fill*         0x0800f5f7        0x1 
 .rodata.status_rtn
                0x0800f5f8       0x18 ./Core/Src/VL53L1X/VL53L1X_api.o
 .rodata.Motor_Task_attributes
                0x0800f610       0x24 ./Core/Src/freertos.o
                0x0800f610                Motor_Task_attributes
 .rodata.ObstDet_Task_attributes
                0x0800f634       0x24 ./Core/Src/freertos.o
                0x0800f634                ObstDet_Task_attributes
 .rodata.TrackUser_Task_attributes
                0x0800f658       0x24 ./Core/Src/freertos.o
                0x0800f658                TrackUser_Task_attributes
 .rodata.tofAddresses
                0x0800f67c        0x6 ./Core/Src/obst_det.o
                0x0800f67c                tofAddresses
 *fill*         0x0800f682        0x2 
 .rodata.xshutPins
                0x0800f684        0x6 ./Core/Src/obst_det.o
 *fill*         0x0800f68a        0x2 
 .rodata.AHBPrescTable
                0x0800f68c       0x10 ./Core/Src/system_stm32f4xx.o
                0x0800f68c                AHBPrescTable
 .rodata.APBPrescTable
                0x0800f69c        0x8 ./Core/Src/system_stm32f4xx.o
                0x0800f69c                APBPrescTable
                0x0800f6a4                        . = ALIGN (0x4)

.ARM.extab      0x0800f6a4        0x0
                0x0800f6a4                        . = ALIGN (0x4)
 *(.ARM.extab* .gnu.linkonce.armextab.*)
                0x0800f6a4                        . = ALIGN (0x4)

.ARM            0x0800f6a4        0x8
                0x0800f6a4                        . = ALIGN (0x4)
                0x0800f6a4                        __exidx_start = .
 *(.ARM.exidx*)
 .ARM.exidx     0x0800f6a4        0x8 C:/ST/STM32CubeIDE_1.19.0/STM32CubeIDE/plugins/com.st.stm32cube.ide.mcu.externaltools.gnu-tools-for-stm32.13.3.rel1.win32_1.0.0.202411081344/tools/bin/../lib/gcc/arm-none-eabi/13.3.1/thumb/v7e-m+fp/hard\libgcc.a(_udivmoddi4.o)
                0x0800f6ac                        __exidx_end = .
                0x0800f6ac                        . = ALIGN (0x4)

.preinit_array  0x0800f6ac        0x0
                0x0800f6ac                        . = ALIGN (0x4)
                0x0800f6ac                        PROVIDE (__preinit_array_start = .)
 *(.preinit_array*)
                0x0800f6ac                        PROVIDE (__preinit_array_end = .)
                0x0800f6ac                        . = ALIGN (0x4)

.init_array     0x0800f6ac        0x4
                0x0800f6ac                        . = ALIGN (0x4)
                0x0800f6ac                        PROVIDE (__init_array_start = .)
 *(SORT_BY_NAME(.init_array.*))
 *(.init_array*)
 .init_array    0x0800f6ac        0x4 C:/ST/STM32CubeIDE_1.19.0/STM32CubeIDE/plugins/com.st.stm32cube.ide.mcu.externaltools.gnu-tools-for-stm32.13.3.rel1.win32_1.0.0.202411081344/tools/bin/../lib/gcc/arm-none-eabi/13.3.1/thumb/v7e-m+fp/hard/crtbegin.o
                0x0800f6b0                        PROVIDE (__init_array_end = .)
                0x0800f6b0                        . = ALIGN (0x4)

.fini_array     0x0800f6b0        0x4
                0x0800f6b0                        . = ALIGN (0x4)
                [!provide]                        PROVIDE (__fini_array_start = .)
 *(SORT_BY_NAME(.fini_array.*))
 *(.fini_array*)
 .fini_array    0x0800f6b0        0x4 C:/ST/STM32CubeIDE_1.19.0/STM32CubeIDE/plugins/com.st.stm32cube.ide.mcu.externaltools.gnu-tools-for-stm32.13.3.rel1.win32_1.0.0.202411081344/tools/bin/../lib/gcc/arm-none-eabi/13.3.1/thumb/v7e-m+fp/hard/crtbegin.o
                [!provide]                        PROVIDE (__fini_array_end = .)
                0x0800f6b4                        . = ALIGN (0x4)
                0x0800f6b4                        _sidata = LOADADDR (.data)

.rel.dyn        0x0800f6b4        0x0
 .rel.iplt      0x0800f6b4        0x0 C:/ST/STM32CubeIDE_1.19.0/STM32CubeIDE/plugins/com.st.stm32cube.ide.mcu.externaltools.gnu-tools-for-stm32.13.3.rel1.win32_1.0.0.202411081344/tools/bin/../lib/gcc/arm-none-eabi/13.3.1/thumb/v7e-m+fp/hard/crtbegin.o

.data           0x20000000       0x8c load address 0x0800f6b4
                0x20000000                        . = ALIGN (0x4)
                0x20000000                        _sdata = .
 *(.data)
 *(.data*)
 .data.xshutPorts
                0x20000000        0xc ./Core/Src/obst_det.o
 .data.SystemCoreClock
                0x2000000c        0x4 ./Core/Src/system_stm32f4xx.o
                0x2000000c                SystemCoreClock
 .data.uwTickPrio
                0x20000010        0x4 ./Drivers/STM32F4xx_HAL_Driver/Src/stm32f4xx_hal.o
                0x20000010                uwTickPrio
 .data.uwTickFreq
                0x20000014        0x1 ./Drivers/STM32F4xx_HAL_Driver/Src/stm32f4xx_hal.o
                0x20000014                uwTickFreq
 *fill*         0x20000015        0x3 
 .data.CDC_Class
                0x20000018       0x20 ./Middlewares/ST/STM32_USB_Host_Library/Class/CDC/Src/usbh_cdc.o
                0x20000018                CDC_Class
 .data.uxCriticalNesting
                0x20000038        0x4 ./Middlewares/Third_Party/FreeRTOS/Source/portable/GCC/ARM_CM4F/port.o
 .data._impure_ptr
                0x2000003c        0x4 C:/ST/STM32CubeIDE_1.19.0/STM32CubeIDE/plugins/com.st.stm32cube.ide.mcu.externaltools.gnu-tools-for-stm32.13.3.rel1.win32_1.0.0.202411081344/tools/bin/../lib/gcc/arm-none-eabi/13.3.1/../../../../arm-none-eabi/lib/thumb/v7e-m+fp/hard\libc_nano.a(libc_a-impure.o)
                0x2000003c                _impure_ptr
 .data._impure_data
                0x20000040       0x4c C:/ST/STM32CubeIDE_1.19.0/STM32CubeIDE/plugins/com.st.stm32cube.ide.mcu.externaltools.gnu-tools-for-stm32.13.3.rel1.win32_1.0.0.202411081344/tools/bin/../lib/gcc/arm-none-eabi/13.3.1/../../../../arm-none-eabi/lib/thumb/v7e-m+fp/hard\libc_nano.a(libc_a-impure.o)
                0x20000040                _impure_data
 *(.RamFunc)
 *(.RamFunc*)
                0x2000008c                        . = ALIGN (0x4)
                0x2000008c                        _edata = .
                0x0800f740                        _siccmram = LOADADDR (.ccmram)

.igot.plt       0x2000008c        0x0 load address 0x0800f740
 .igot.plt      0x2000008c        0x0 C:/ST/STM32CubeIDE_1.19.0/STM32CubeIDE/plugins/com.st.stm32cube.ide.mcu.externaltools.gnu-tools-for-stm32.13.3.rel1.win32_1.0.0.202411081344/tools/bin/../lib/gcc/arm-none-eabi/13.3.1/thumb/v7e-m+fp/hard/crtbegin.o

.ccmram         0x10000000        0x0 load address 0x0800f740
                0x10000000                        . = ALIGN (0x4)
                0x10000000                        _sccmram = .
 *(.ccmram)
 *(.ccmram*)
                0x10000000                        . = ALIGN (0x4)
                0x10000000                        _eccmram = .
                0x10000000                        . = ALIGN (0x4)

.bss            0x2000008c     0x5554
                0x2000008c                        _sbss = .
                0x2000008c                        __bss_start__ = _sbss
 *(.bss)
 .bss           0x2000008c       0x1c C:/ST/STM32CubeIDE_1.19.0/STM32CubeIDE/plugins/com.st.stm32cube.ide.mcu.externaltools.gnu-tools-for-stm32.13.3.rel1.win32_1.0.0.202411081344/tools/bin/../lib/gcc/arm-none-eabi/13.3.1/thumb/v7e-m+fp/hard/crtbegin.o
 *(.bss*)
 .bss._I2CBuffer
                0x200000a8      0x100 ./Core/Src/VL53L1X/vl53l1_platform.o
                0x200000a8                _I2CBuffer
 .bss.Motor_TaskHandle
                0x200001a8        0x4 ./Core/Src/freertos.o
                0x200001a8                Motor_TaskHandle
 .bss.ObstDet_TaskHandle
                0x200001ac        0x4 ./Core/Src/freertos.o
                0x200001ac                ObstDet_TaskHandle
 .bss.TrackUser_TaskHandle
                0x200001b0        0x4 ./Core/Src/freertos.o
                0x200001b0                TrackUser_TaskHandle
 .bss.hi2c1     0x200001b4       0x54 ./Core/Src/i2c.o
                0x200001b4                hi2c1
 .bss.hi2s3     0x20000208       0x48 ./Core/Src/i2s.o
                0x20000208                hi2s3
 .bss.ToF_DATA  0x20000250       0x12 ./Core/Src/obst_det.o
                0x20000250                ToF_DATA
 .bss.dodgeAction
                0x20000262        0x1 ./Core/Src/obst_det.o
                0x20000262                dodgeAction
 *fill*         0x20000263        0x1 
 .bss.filtered_left
                0x20000264        0x2 ./Core/Src/obst_det.o
 .bss.filtered_center
                0x20000266        0x2 ./Core/Src/obst_det.o
 .bss.filtered_right
                0x20000268        0x2 ./Core/Src/obst_det.o
 *fill*         0x2000026a        0x2 
 .bss.hspi1     0x2000026c       0x58 ./Core/Src/spi.o
                0x2000026c                hspi1
 .bss.htim6     0x200002c4       0x48 ./Core/Src/stm32f4xx_hal_timebase_tim.o
                0x200002c4                htim6
 .bss.__sbrk_heap_end
                0x2000030c        0x4 ./Core/Src/sysmem.o
 .bss.htim3     0x20000310       0x48 ./Core/Src/tim.o
                0x20000310                htim3
 .bss.uwTick    0x20000358        0x4 ./Drivers/STM32F4xx_HAL_Driver/Src/stm32f4xx_hal.o
                0x20000358                uwTick
 .bss.USBH_Thread_Atrr
                0x2000035c       0x24 ./Middlewares/ST/STM32_USB_Host_Library/Core/Src/usbh_core.o
                0x2000035c                USBH_Thread_Atrr
 .bss.KernelState
                0x20000380        0x4 ./Middlewares/Third_Party/FreeRTOS/Source/CMSIS_RTOS_V2/cmsis_os2.o
 .bss.Idle_TCB.3
                0x20000384       0x5c ./Middlewares/Third_Party/FreeRTOS/Source/CMSIS_RTOS_V2/cmsis_os2.o
 .bss.Idle_Stack.2
                0x200003e0      0x200 ./Middlewares/Third_Party/FreeRTOS/Source/CMSIS_RTOS_V2/cmsis_os2.o
 .bss.Timer_TCB.1
                0x200005e0       0x5c ./Middlewares/Third_Party/FreeRTOS/Source/CMSIS_RTOS_V2/cmsis_os2.o
 .bss.Timer_Stack.0
                0x2000063c      0x400 ./Middlewares/Third_Party/FreeRTOS/Source/CMSIS_RTOS_V2/cmsis_os2.o
 .bss.xQueueRegistry
                0x20000a3c       0x40 ./Middlewares/Third_Party/FreeRTOS/Source/queue.o
                0x20000a3c                xQueueRegistry
 .bss.pxCurrentTCB
                0x20000a7c        0x4 ./Middlewares/Third_Party/FreeRTOS/Source/tasks.o
                0x20000a7c                pxCurrentTCB
 .bss.pxReadyTasksLists
                0x20000a80      0x460 ./Middlewares/Third_Party/FreeRTOS/Source/tasks.o
 .bss.xDelayedTaskList1
                0x20000ee0       0x14 ./Middlewares/Third_Party/FreeRTOS/Source/tasks.o
 .bss.xDelayedTaskList2
                0x20000ef4       0x14 ./Middlewares/Third_Party/FreeRTOS/Source/tasks.o
 .bss.pxDelayedTaskList
                0x20000f08        0x4 ./Middlewares/Third_Party/FreeRTOS/Source/tasks.o
 .bss.pxOverflowDelayedTaskList
                0x20000f0c        0x4 ./Middlewares/Third_Party/FreeRTOS/Source/tasks.o
 .bss.xPendingReadyList
                0x20000f10       0x14 ./Middlewares/Third_Party/FreeRTOS/Source/tasks.o
 .bss.xTasksWaitingTermination
                0x20000f24       0x14 ./Middlewares/Third_Party/FreeRTOS/Source/tasks.o
 .bss.uxDeletedTasksWaitingCleanUp
                0x20000f38        0x4 ./Middlewares/Third_Party/FreeRTOS/Source/tasks.o
 .bss.xSuspendedTaskList
                0x20000f3c       0x14 ./Middlewares/Third_Party/FreeRTOS/Source/tasks.o
 .bss.uxCurrentNumberOfTasks
                0x20000f50        0x4 ./Middlewares/Third_Party/FreeRTOS/Source/tasks.o
 .bss.xTickCount
                0x20000f54        0x4 ./Middlewares/Third_Party/FreeRTOS/Source/tasks.o
 .bss.uxTopReadyPriority
                0x20000f58        0x4 ./Middlewares/Third_Party/FreeRTOS/Source/tasks.o
 .bss.xSchedulerRunning
                0x20000f5c        0x4 ./Middlewares/Third_Party/FreeRTOS/Source/tasks.o
 .bss.xPendedTicks
                0x20000f60        0x4 ./Middlewares/Third_Party/FreeRTOS/Source/tasks.o
 .bss.xYieldPending
                0x20000f64        0x4 ./Middlewares/Third_Party/FreeRTOS/Source/tasks.o
 .bss.xNumOfOverflows
                0x20000f68        0x4 ./Middlewares/Third_Party/FreeRTOS/Source/tasks.o
 .bss.uxTaskNumber
                0x20000f6c        0x4 ./Middlewares/Third_Party/FreeRTOS/Source/tasks.o
 .bss.xNextTaskUnblockTime
                0x20000f70        0x4 ./Middlewares/Third_Party/FreeRTOS/Source/tasks.o
 .bss.xIdleTaskHandle
                0x20000f74        0x4 ./Middlewares/Third_Party/FreeRTOS/Source/tasks.o
 .bss.uxSchedulerSuspended
                0x20000f78        0x4 ./Middlewares/Third_Party/FreeRTOS/Source/tasks.o
 .bss.xActiveTimerList1
                0x20000f7c       0x14 ./Middlewares/Third_Party/FreeRTOS/Source/timers.o
 .bss.xActiveTimerList2
                0x20000f90       0x14 ./Middlewares/Third_Party/FreeRTOS/Source/timers.o
 .bss.pxCurrentTimerList
                0x20000fa4        0x4 ./Middlewares/Third_Party/FreeRTOS/Source/timers.o
 .bss.pxOverflowTimerList
                0x20000fa8        0x4 ./Middlewares/Third_Party/FreeRTOS/Source/timers.o
 .bss.xTimerQueue
                0x20000fac        0x4 ./Middlewares/Third_Party/FreeRTOS/Source/timers.o
 .bss.xTimerTaskHandle
                0x20000fb0        0x4 ./Middlewares/Third_Party/FreeRTOS/Source/timers.o
 .bss.xLastTime.2
                0x20000fb4        0x4 ./Middlewares/Third_Party/FreeRTOS/Source/timers.o
 .bss.ucStaticTimerQueueStorage.1
                0x20000fb8       0xa0 ./Middlewares/Third_Party/FreeRTOS/Source/timers.o
 .bss.xStaticTimerQueue.0
                0x20001058       0x50 ./Middlewares/Third_Party/FreeRTOS/Source/timers.o
 .bss.ucMaxSysCallPriority
                0x200010a8        0x1 ./Middlewares/Third_Party/FreeRTOS/Source/portable/GCC/ARM_CM4F/port.o
 *fill*         0x200010a9        0x3 
 .bss.ulMaxPRIGROUPValue
                0x200010ac        0x4 ./Middlewares/Third_Party/FreeRTOS/Source/portable/GCC/ARM_CM4F/port.o
 .bss.ucHeap    0x200010b0     0x3c00 ./Middlewares/Third_Party/FreeRTOS/Source/portable/MemMang/heap_4.o
 .bss.xStart    0x20004cb0        0x8 ./Middlewares/Third_Party/FreeRTOS/Source/portable/MemMang/heap_4.o
 .bss.pxEnd     0x20004cb8        0x4 ./Middlewares/Third_Party/FreeRTOS/Source/portable/MemMang/heap_4.o
 .bss.xFreeBytesRemaining
                0x20004cbc        0x4 ./Middlewares/Third_Party/FreeRTOS/Source/portable/MemMang/heap_4.o
 .bss.xMinimumEverFreeBytesRemaining
                0x20004cc0        0x4 ./Middlewares/Third_Party/FreeRTOS/Source/portable/MemMang/heap_4.o
 .bss.xNumberOfSuccessfulAllocations
                0x20004cc4        0x4 ./Middlewares/Third_Party/FreeRTOS/Source/portable/MemMang/heap_4.o
 .bss.xNumberOfSuccessfulFrees
                0x20004cc8        0x4 ./Middlewares/Third_Party/FreeRTOS/Source/portable/MemMang/heap_4.o
 .bss.xBlockAllocatedBit
                0x20004ccc        0x4 ./Middlewares/Third_Party/FreeRTOS/Source/portable/MemMang/heap_4.o
 .bss.hUsbHostFS
                0x20004cd0      0x3e4 ./USB_HOST/App/usb_host.o
                0x20004cd0                hUsbHostFS
 .bss.Appli_state
                0x200050b4        0x1 ./USB_HOST/App/usb_host.o
                0x200050b4                Appli_state