18:24:04 **** Incremental Build of configuration Debug for project robot_end_rtos ****
make -j8 all 
arm-none-eabi-gcc "../Core/Src/dwm1000.c" -mcpu=cortex-m4 -std=gnu11 -g3 -DDEBUG -DUSE_HAL_DRIVER -DSTM32F407xx -c -I../USB_HOST/App -I../USB_HOST/Target -I../Core/Inc -I../Drivers/STM32F4xx_HAL_Driver/Inc -I../Drivers/STM32F4xx_HAL_Driver/Inc/Legacy -I../Middlewares/ST/STM32_USB_Host_Library/Core/Inc -I../Middlewares/ST/STM32_USB_Host_Library/Class/CDC/Inc -I../Drivers/CMSIS/Device/ST/STM32F4xx/Include -I../Drivers/CMSIS/Include -I../Middlewares/Third_Party/FreeRTOS/Source/include -I../Middlewares/Third_Party/FreeRTOS/Source/CMSIS_RTOS_V2 -I../Middlewares/Third_Party/FreeRTOS/Source/portable/GCC/ARM_CM4F -I../Core/Inc/VL53L1X -O0 -ffunction-sections -fdata-sections -Wall -fstack-usage -fcyclomatic-complexity -MMD -MP -MF"Core/Src/dwm1000.d" -MT"Core/Src/dwm1000.o" --specs=nano.specs -mfpu=fpv4-sp-d16 -mfloat-abi=hard -mthumb -o "Core/Src/dwm1000.o"
../Core/Src/dwm1000.c: In function 'dwm_reset':
../Core/Src/dwm1000.c:30:5: warning: implicit declaration of function 'osDelay' [-Wimplicit-function-declaration]
   30 |     osDelay(1);
      |     ^~~~~~~
../Core/Src/dwm1000.c: In function 'dwm_receive':
../Core/Src/dwm1000.c:301:13: warning: unused variable 'sys_ctrl_reg' [-Wunused-variable]
  301 |     uint8_t sys_ctrl_reg[4] = {0};
      |             ^~~~~~~~~~~~
../Core/Src/dwm1000.c: At top level:
../Core/Src/dwm1000.c:22:16: warning: 'retries' defined but not used [-Wunused-variable]
   22 | static uint8_t retries = 0;
      |                ^~~~~~~
../Core/Src/dwm1000.c:21:22: warning: 'robot_state' defined but not used [-Wunused-variable]
   21 | static robot_state_t robot_state = ROBOT_SEND_POLL;
      |                      ^~~~~~~~~~~
arm-none-eabi-gcc -o "robot_end_rtos.elf" @"objects.list"   -mcpu=cortex-m4 -T"E:\CME495_Capstone\MobileToolAssistant\DWM1000_tests\stm32\robot_end_rtos\STM32F407VGTX_FLASH.ld" --specs=nosys.specs -Wl,-Map="robot_end_rtos.map" -Wl,--gc-sections -static --specs=nano.specs -mfpu=fpv4-sp-d16 -mfloat-abi=hard -mthumb -Wl,--start-group -lc -lm -Wl,--end-group
Finished building target: robot_end_rtos.elf
 
arm-none-eabi-size  robot_end_rtos.elf 
arm-none-eabi-objdump -h -S robot_end_rtos.elf  > "robot_end_rtos.list"
   text	   data	    bss	    dec	    hex	filename
  57072	    144	  23264	  80480	  13a60	robot_end_rtos.elf
Finished building: default.size.stdout
 
Finished building: robot_end_rtos.list
 

18:24:05 Build Finished. 0 errors, 4 warnings. (took 1s.12ms)

