../Core/Src/main.c:118:5:main	1
../Core/Src/main.c:227:6:SystemClock_Config	3
../Core/Src/main.c:273:13:MX_I2C1_Init	2
../Core/Src/main.c:307:13:MX_I2S3_Init	2
../Core/Src/main.c:341:13:MX_SPI1_Init	2
../Core/Src/main.c:379:13:MX_TIM3_Init	7
../Core/Src/main.c:440:13:MX_USART3_UART_Init	2
../Core/Src/main.c:473:13:MX_GPIO_Init	1
../Core/Src/main.c:597:5:_write	1
../Core/Src/main.c:604:6:TimeOfFlighMeausure	1
../Core/Src/main.c:653:6:StartDefaultTask	1
../Core/Src/main.c:694:6:HAL_TIM_PeriodElapsedCallback	2
../Core/Src/main.c:712:6:Error_Handler	1
