../Core/Src/main.c:118:5:main	8	static
../Core/Src/main.c:227:6:SystemClock_Config	88	static
../Core/Src/main.c:273:13:MX_I2C1_Init	8	static
../Core/Src/main.c:307:13:MX_I2S3_Init	8	static
../Core/Src/main.c:341:13:MX_SPI1_Init	8	static
../Core/Src/main.c:379:13:MX_TIM3_Init	48	static
../Core/Src/main.c:440:13:MX_USART3_UART_Init	8	static
../Core/Src/main.c:473:13:MX_GPIO_Init	56	static
../Core/Src/main.c:597:5:_write	24	static
../Core/Src/main.c:604:6:TimeOfFlighMeausure	16	static
../Core/Src/main.c:653:6:StartDefaultTask	16	static
../Core/Src/main.c:694:6:HAL_TIM_PeriodElapsedCallback	16	static
../Core/Src/main.c:712:6:Error_Handler	4	static,ignoring_inline_asm
