../Core/Src/VL53L1X/vl53l1_platform.c:63:5:_I2CWrite	40	static
../Core/Src/VL53L1X/vl53l1_platform.c:78:5:_I2CRead	40	static
../Core/Src/VL53L1X/vl53l1_platform.c:93:14:VL53L1_WriteMulti	32	static
../Core/Src/VL53L1X/vl53l1_platform.c:112:14:VL53L1_ReadMulti	32	static
../Core/Src/VL53L1X/vl53l1_platform.c:133:14:VL53L1_WrByte	24	static
../Core/Src/VL53L1X/vl53l1_platform.c:150:14:VL53L1_WrWord	24	static
../Core/Src/VL53L1X/vl53l1_platform.c:168:14:VL53L1_WrDWord	24	static
../Core/Src/VL53L1X/vl53l1_platform.c:186:14:VL53L1_UpdateByte	32	static
../Core/Src/VL53L1X/vl53l1_platform.c:200:14:VL53L1_RdByte	24	static
../Core/Src/VL53L1X/vl53l1_platform.c:221:14:VL53L1_RdWord	24	static
../Core/Src/VL53L1X/vl53l1_platform.c:246:14:VL53L1_RdDWord	24	static
../Core/Src/VL53L1X/vl53l1_platform.c:271:14:VL53L1_GetTickCount	24	static
../Core/Src/VL53L1X/vl53l1_platform.c:327:14:VL53L1_GetTimerFrequency	16	static
../Core/Src/VL53L1X/vl53l1_platform.c:336:14:VL53L1_WaitMs	16	static
../Core/Src/VL53L1X/vl53l1_platform.c:342:14:VL53L1_WaitUs	16	static
../Core/Src/VL53L1X/vl53l1_platform.c:348:14:VL53L1_WaitValueMaskEx	48	static
