../Core/Src/main.c:147:5:main	1
../Core/Src/main.c:256:6:SystemClock_Config	3
../Core/Src/main.c:302:13:MX_I2C1_Init	2
../Core/Src/main.c:336:13:MX_I2S3_Init	2
../Core/Src/main.c:370:13:MX_SPI1_Init	2
../Core/Src/main.c:408:13:MX_TIM3_Init	7
../Core/Src/main.c:469:13:MX_USART3_UART_Init	2
../Core/Src/main.c:502:13:MX_GPIO_Init	1
../Core/Src/main.c:619:5:_write	1
../Core/Src/main.c:626:6:TimeOfFlighMeausure	3
../Core/Src/main.c:671:6:StartDefaultTask	1
../Core/Src/main.c:732:6:HAL_TIM_PeriodElapsedCallback	2
../Core/Src/main.c:750:6:Error_Handler	1
