../Core/Src/main.c:175:5:main	1
../Core/Src/main.c:299:6:SystemClock_Config	3
../Core/Src/main.c:345:13:MX_I2C1_Init	2
../Core/Src/main.c:379:13:MX_I2C2_Init	2
../Core/Src/main.c:413:13:MX_I2C3_Init	2
../Core/Src/main.c:447:13:MX_I2S3_Init	2
../Core/Src/main.c:481:13:MX_SPI1_Init	2
../Core/Src/main.c:519:13:MX_TIM3_Init	7
../Core/Src/main.c:581:13:MX_GPIO_Init	1
../Core/Src/main.c:694:24:clamp_pwm	1
../Core/Src/main.c:700:13:MotorA_Forward	1
../Core/Src/main.c:707:13:MotorA_Stop	1
../Core/Src/main.c:714:13:MotorB_Forward	1
../Core/Src/main.c:721:13:MotorB_Stop	1
../Core/Src/main.c:728:13:MotorA_Reverse	1
../Core/Src/main.c:735:13:MotorB_Reverse	1
../Core/Src/main.c:742:13:Drive_Forward	1
../Core/Src/main.c:748:13:Drive_Stop	1
../Core/Src/main.c:754:13:Drive_TurnLeft	1
../Core/Src/main.c:761:13:AvoidObstacle_IfNeeded	2
../Core/Src/main.c:815:6:MotorPulseTask	1
../Core/Src/main.c:833:6:TimeOfFlighMeausure	3
../Core/Src/main.c:1016:6:StartDefaultTask	2
../Core/Src/main.c:1066:6:HAL_TIM_PeriodElapsedCallback	2
../Core/Src/main.c:1084:6:Error_Handler	1
