../Core/Src/main.c:145:5:main	8	static
../Core/Src/main.c:256:6:SystemClock_Config	88	static
../Core/Src/main.c:302:13:MX_I2C1_Init	8	static
../Core/Src/main.c:336:13:MX_I2S3_Init	8	static
../Core/Src/main.c:370:13:MX_SPI1_Init	8	static
../Core/Src/main.c:408:13:MX_TIM3_Init	48	static
../Core/Src/main.c:470:13:MX_GPIO_Init	56	static
../Core/Src/main.c:591:24:clamp_pwm	16	static
../Core/Src/main.c:597:13:MotorA_Forward	16	static
../Core/Src/main.c:604:13:MotorA_Stop	4	static
../Core/Src/main.c:611:13:MotorB_Forward	16	static
../Core/Src/main.c:618:13:MotorB_Stop	4	static
../Core/Src/main.c:624:6:MotorPulseTask	32	static
../Core/Src/main.c:658:6:TimeOfFlighMeausure	16	static
../Core/Src/main.c:703:6:StartDefaultTask	40	static
../Core/Src/main.c:753:6:HAL_TIM_PeriodElapsedCallback	16	static
../Core/Src/main.c:771:6:Error_Handler	4	static,ignoring_inline_asm
