../Core/Src/main.c:138:5:main	8	static
../Core/Src/main.c:247:6:SystemClock_Config	88	static
../Core/Src/main.c:293:13:MX_I2C1_Init	8	static
../Core/Src/main.c:327:13:MX_I2S3_Init	8	static
../Core/Src/main.c:361:13:MX_SPI1_Init	8	static
../Core/Src/main.c:399:13:MX_TIM2_Init	32	static
../Core/Src/main.c:444:13:MX_TIM3_Init	48	static
../Core/Src/main.c:497:13:MX_GPIO_Init	56	static
../Core/Src/main.c:614:6:TimeOfFlighMeausure	16	static
../Core/Src/main.c:659:6:StartDefaultTask	40	static
../Core/Src/main.c:709:6:HAL_TIM_PeriodElapsedCallback	16	static
../Core/Src/main.c:727:6:Error_Handler	4	static,ignoring_inline_asm
